[2026-06-07 23:54:08]	compilation failed at : "c:\Users\23577\Desktop\CIMC\APP\Function\systick.c", exit code: 1
command: 
  "D:\keil5\ARM\ARMCC\bin\armcc.exe" -c --apcs=interwork -I../CMSIS -I../CMSIS/GD/GD32F4xx/Include -I../HeaderFiles -I../Library/GD32F4xx_standard_peripheral/Include -I../CMSIS/GD/GD32F4xx/Source/ARM -I../Function -I../Protocol -I../Driver -I.cmsis/include -IRTE/_app -D"USE_STDPERIPH_DRIVER" -D"GD32F470" --cpu Cortex-M4.fp --li --c99 -D__MICROLIB -O0 --split_sections --gnu --diag_suppress=1 --diag_suppress=1295 -g -o .\build\app\.obj\__\Function\systick.o --no_depend_system_headers --depend .\build\app\.obj\__\Function\systick.d .\..\Function\systick.c
   at unify_builder.Program.compileByMulThread(Int32 thrNum, CmdInfo[] cmds_, List`1 errLogs)
   at unify_builder.Program.Main(String[] args_)
---
"../CMSIS/GD/GD32F4xx/Include/gd32f4xx.h", line 364: Error:  #5: cannot open source input file "gd32f4xx_libopt.h": No such file or directory
  #include "gd32f4xx_libopt.h"
                              ^
.\..\Library\GD32F4xx_standard_peripheral\Source\gd32f4xx_can.c: 0 warnings, 1 error
"../CMSIS/GD/GD32F4xx/Include/gd32f4xx.h", line 364: Error:  #5: cannot open source input file "gd32f4xx_libopt.h": No such file or directory
  #include "gd32f4xx_libopt.h"
                              ^
.\..\Driver\RTC.c: 0 warnings, 1 error
"../CMSIS/GD/GD32F4xx/Include/gd32f4xx.h", line 364: Error:  #5: cannot open source input file "gd32f4xx_libopt.h": No such file or directory
  #include "gd32f4xx_libopt.h"
                              ^
.\..\Function\function.c: 0 warnings, 1 error
"../CMSIS/GD/GD32F4xx/Include/gd32f4xx.h", line 364: Error:  #5: cannot open source input file "gd32f4xx_libopt.h": No such file or directory
  #include "gd32f4xx_libopt.h"
                              ^
.\..\Driver\USART.c: 0 warnings, 1 error
"../CMSIS/GD/GD32F4xx/Include/gd32f4xx.h", line 364: Error:  #5: cannot open source input file "gd32f4xx_libopt.h": No such file or directory
  #include "gd32f4xx_libopt.h"
                              ^
.\..\Driver\ADC.c: 0 warnings, 1 error
"../CMSIS/GD/GD32F4xx/Include/gd32f4xx.h", line 364: Error:  #5: cannot open source input file "gd32f4xx_libopt.h": No such file or directory
  #include "gd32f4xx_libopt.h"
                              ^
.\..\Driver\LED.c: 0 warnings, 1 error
"../CMSIS/GD/GD32F4xx/Include/gd32f4xx.h", line 364: Error:  #5: cannot open source input file "gd32f4xx_libopt.h": No such file or directory
  #include "gd32f4xx_libopt.h"
                              ^
.\..\Function\Sampling.c: 0 warnings, 1 error
"../CMSIS/GD/GD32F4xx/Include/gd32f4xx.h", line 364: Error:  #5: cannot open source input file "gd32f4xx_libopt.h": No such file or directory
  #include "gd32f4xx_libopt.h"
                              ^
.\..\Driver\OLED.c: 0 warnings, 1 error
"../CMSIS/GD/GD32F4xx/Include/gd32f4xx.h", line 364: Error:  #5: cannot open source input file "gd32f4xx_libopt.h": No such file or directory
  #include "gd32f4xx_libopt.h"
                              ^
.\..\Driver\IIC.c: 0 warnings, 1 error
"../CMSIS/GD/GD32F4xx/Include/gd32f4xx.h", line 364: Error:  #5: cannot open source input file "gd32f4xx_libopt.h": No such file or directory
  #include "gd32f4xx_libopt.h"
                              ^
.\..\Function\main.c: 0 warnings, 1 error
"../CMSIS/GD/GD32F4xx/Include/gd32f4xx.h", line 364: Error:  #5: cannot open source input file "gd32f4xx_libopt.h": No such file or directory
  #include "gd32f4xx_libopt.h"
                              ^
.\..\Library\GD32F4xx_standard_peripheral\Source\gd32f4xx_adc.c: 0 warnings, 1 error
"../CMSIS/GD/GD32F4xx/Include/gd32f4xx.h", line 364: Error:  #5: cannot open source input file "gd32f4xx_libopt.h": No such file or directory
  #include "gd32f4xx_libopt.h"
                              ^
.\..\Driver\Flash.c: 0 warnings, 1 error
"../CMSIS/GD/GD32F4xx/Include/gd32f4xx.h", line 364: Error:  #5: cannot open source input file "gd32f4xx_libopt.h": No such file or directory
  #include "gd32f4xx_libopt.h"
                              ^
.\..\CMSIS\GD\GD32F4xx\Source\system_gd32f4xx.c: 0 warnings, 1 error
"../CMSIS/GD/GD32F4xx/Include/gd32f4xx.h", line 364: Error:  #5: cannot open source input file "gd32f4xx_libopt.h": No such file or directory
  #include "gd32f4xx_libopt.h"
                              ^
.\..\Driver\SPI.c: 0 warnings, 1 error
"../CMSIS/GD/GD32F4xx/Include/gd32f4xx.h", line 364: Error:  #5: cannot open source input file "gd32f4xx_libopt.h": No such file or directory
  #include "gd32f4xx_libopt.h"
                              ^
.\..\Function\gd32f4xx_it.c: 0 warnings, 1 error
"../CMSIS/GD/GD32F4xx/Include/gd32f4xx.h", line 364: Error:  #5: cannot open source input file "gd32f4xx_libopt.h": No such file or directory
  #include "gd32f4xx_libopt.h"
                              ^
.\..\Function\systick.c: 0 warnings, 1 error

[2026-06-07 23:56:03]	[done]
	build successfully !

[2026-06-08 00:12:56]	[info] incremental build: 1 source files changed
These source files will be recompiled
---
'c:\Users\23577\Desktop\CIMC\APP\Function\main.c': source file has been changed.

[2026-06-08 00:12:56]	[done]
	build successfully !

[2026-06-08 00:23:09]	[done]
	build successfully !

[2026-06-08 00:38:17]	[info] incremental build: 15 source files changed
These source files will be recompiled
---
'c:\Users\23577\Desktop\CIMC\APP\Driver\ADC.c': dependence 'c:\Users\23577\Desktop\CIMC\APP\project\..\Function\main.h' has been changed.
'c:\Users\23577\Desktop\CIMC\APP\Driver\Flash.c': dependence 'c:\Users\23577\Desktop\CIMC\APP\project\..\Function\main.h' has been changed.
'c:\Users\23577\Desktop\CIMC\APP\Driver\IIC.c': dependence 'c:\Users\23577\Desktop\CIMC\APP\project\..\Function\main.h' has been changed.
'c:\Users\23577\Desktop\CIMC\APP\Driver\LED.c': dependence 'c:\Users\23577\Desktop\CIMC\APP\project\..\Function\main.h' has been changed.
'c:\Users\23577\Desktop\CIMC\APP\Driver\OLED.c': dependence 'c:\Users\23577\Desktop\CIMC\APP\project\..\Function\main.h' has been changed.
'c:\Users\23577\Desktop\CIMC\APP\Driver\RTC.c': dependence 'c:\Users\23577\Desktop\CIMC\APP\project\..\Function\main.h' has been changed.
'c:\Users\23577\Desktop\CIMC\APP\Driver\SPI.c': dependence 'c:\Users\23577\Desktop\CIMC\APP\project\..\Function\main.h' has been changed.
'c:\Users\23577\Desktop\CIMC\APP\Driver\USART.c': dependence 'c:\Users\23577\Desktop\CIMC\APP\project\..\Function\main.h' has been changed.
'c:\Users\23577\Desktop\CIMC\APP\Function\Sampling.c': dependence 'c:\Users\23577\Desktop\CIMC\APP\project\..\Function\main.h' has been changed.
'c:\Users\23577\Desktop\CIMC\APP\Function\function.c': source file has been changed.
'c:\Users\23577\Desktop\CIMC\APP\Function\gd32f4xx_it.c': dependence 'c:\Users\23577\Desktop\CIMC\APP\project\..\Function\main.h' has been changed.
'c:\Users\23577\Desktop\CIMC\APP\Function\main.c': source file has been changed.
'c:\Users\23577\Desktop\CIMC\APP\Protocol\CRC.c': dependence 'c:\Users\23577\Desktop\CIMC\APP\project\..\Function\main.h' has been changed.
'c:\Users\23577\Desktop\CIMC\APP\Protocol\Response.c': dependence 'c:\Users\23577\Desktop\CIMC\APP\project\..\Function\main.h' has been changed.
'c:\Users\23577\Desktop\CIMC\APP\Protocol\parsing.c': dependence 'c:\Users\23577\Desktop\CIMC\APP\project\..\Function\main.h' has been changed.

[2026-06-08 00:38:18]	compilation failed at : "c:\Users\23577\Desktop\CIMC\APP\Function\main.c", exit code: 1
command: 
  "D:\keil5\ARM\ARMCC\bin\armcc.exe" -c --apcs=interwork -I../CMSIS -I../CMSIS/GD/GD32F4xx/Include -I../HeaderFiles -I../Library/GD32F4xx_standard_peripheral/Include -I../CMSIS/GD/GD32F4xx/Source/ARM -I../Function -I../Protocol -I../Driver -I.cmsis/include -IRTE/_app -D"USE_STDPERIPH_DRIVER" -D"GD32F470" --cpu Cortex-M4.fp --li --c99 -D__MICROLIB -O0 --split_sections --gnu --diag_suppress=1 --diag_suppress=1295 -g -o .\build\app\.obj\__\Function\main.o --no_depend_system_headers --depend .\build\app\.obj\__\Function\main.d .\..\Function\main.c
   at unify_builder.Program.compileByMulThread(Int32 thrNum, CmdInfo[] cmds_, List`1 errLogs)
   at unify_builder.Program.Main(String[] args_)
---
".\..\Function\function.c", line 216: Error:  #142: expression must have pointer-to-object type
          if(receive_value[0]==0x11)
             ^
".\..\Function\function.c", line 218: Error:  #142: expression must have pointer-to-object type
          else if (receive_value[0]==0x12)
                   ^
".\..\Function\function.c", line 222: Error:  #142: expression must have pointer-to-object type
          else if (receive_value[0]==0x13)
                   ^
".\..\Function\function.c", line 226: Error:  #142: expression must have pointer-to-object type
          else if (receive_value[0]==0x14)
                   ^
.\..\Function\function.c: 0 warnings, 4 errors
".\..\Function\main.c", line 112: Error:  #134: expected a field name
      fmc_halfword_program(PARAM_FLASH_ADDR+10,parameter.);
                                                         ^
.\..\Function\main.c: 0 warnings, 1 error

[2026-06-08 00:38:27]	[info] incremental build: 5 source files changed
These source files will be recompiled
---
'c:\Users\23577\Desktop\CIMC\APP\Function\function.c': source file has been changed.
'c:\Users\23577\Desktop\CIMC\APP\Function\main.c': source file has been changed.
'c:\Users\23577\Desktop\CIMC\APP\Protocol\CRC.c': dependence 'c:\Users\23577\Desktop\CIMC\APP\project\..\Function\main.h' has been changed.
'c:\Users\23577\Desktop\CIMC\APP\Protocol\Response.c': dependence 'c:\Users\23577\Desktop\CIMC\APP\project\..\Function\main.h' has been changed.
'c:\Users\23577\Desktop\CIMC\APP\Protocol\parsing.c': dependence 'c:\Users\23577\Desktop\CIMC\APP\project\..\Function\main.h' has been changed.

[2026-06-08 00:38:27]	compilation failed at : "c:\Users\23577\Desktop\CIMC\APP\Function\function.c", exit code: 1
command: 
  "D:\keil5\ARM\ARMCC\bin\armcc.exe" -c --apcs=interwork -I../CMSIS -I../CMSIS/GD/GD32F4xx/Include -I../HeaderFiles -I../Library/GD32F4xx_standard_peripheral/Include -I../CMSIS/GD/GD32F4xx/Source/ARM -I../Function -I../Protocol -I../Driver -I.cmsis/include -IRTE/_app -D"USE_STDPERIPH_DRIVER" -D"GD32F470" --cpu Cortex-M4.fp --li --c99 -D__MICROLIB -O0 --split_sections --gnu --diag_suppress=1 --diag_suppress=1295 -g -o .\build\app\.obj\__\Function\function.o --no_depend_system_headers --depend .\build\app\.obj\__\Function\function.d .\..\Function\function.c
   at unify_builder.Program.Main(String[] args_)
---
".\..\Function\function.c", line 216: Error:  #142: expression must have pointer-to-object type
          if(receive_value[0]==0x11)
             ^
".\..\Function\function.c", line 220: Error:  #142: expression must have pointer-to-object type
          else if (receive_value[0]==0x12)
                   ^
".\..\Function\function.c", line 224: Error:  #142: expression must have pointer-to-object type
          else if (receive_value[0]==0x13)
                   ^
".\..\Function\function.c", line 228: Error:  #142: expression must have pointer-to-object type
          else if (receive_value[0]==0x14)
                   ^
.\..\Function\function.c: 0 warnings, 4 errors

[2026-06-08 00:39:28]	[info] incremental build: 5 source files changed
These source files will be recompiled
---
'c:\Users\23577\Desktop\CIMC\APP\Function\function.c': source file has been changed.
'c:\Users\23577\Desktop\CIMC\APP\Function\main.c': source file has been changed.
'c:\Users\23577\Desktop\CIMC\APP\Protocol\CRC.c': dependence 'c:\Users\23577\Desktop\CIMC\APP\project\..\Function\main.h' has been changed.
'c:\Users\23577\Desktop\CIMC\APP\Protocol\Response.c': dependence 'c:\Users\23577\Desktop\CIMC\APP\project\..\Function\main.h' has been changed.
'c:\Users\23577\Desktop\CIMC\APP\Protocol\parsing.c': dependence 'c:\Users\23577\Desktop\CIMC\APP\project\..\Function\main.h' has been changed.

[2026-06-08 00:39:29]	compilation failed at : "c:\Users\23577\Desktop\CIMC\APP\Function\main.c", exit code: 1
command: 
  "D:\keil5\ARM\ARMCC\bin\armcc.exe" -c --apcs=interwork -I../CMSIS -I../CMSIS/GD/GD32F4xx/Include -I../HeaderFiles -I../Library/GD32F4xx_standard_peripheral/Include -I../CMSIS/GD/GD32F4xx/Source/ARM -I../Function -I../Protocol -I../Driver -I.cmsis/include -IRTE/_app -D"USE_STDPERIPH_DRIVER" -D"GD32F470" --cpu Cortex-M4.fp --li --c99 -D__MICROLIB -O0 --split_sections --gnu --diag_suppress=1 --diag_suppress=1295 -g -o .\build\app\.obj\__\Function\main.o --no_depend_system_headers --depend .\build\app\.obj\__\Function\main.d .\..\Function\main.c
   at unify_builder.Program.Main(String[] args_)
---
".\..\Function\main.c", line 112: Error:  #134: expected a field name
      fmc_halfword_program(PARAM_FLASH_ADDR+10,parameter.);
                                                         ^
.\..\Function\main.c: 0 warnings, 1 error

[2026-06-08 00:39:40]	[info] incremental build: 4 source files changed
These source files will be recompiled
---
'c:\Users\23577\Desktop\CIMC\APP\Function\main.c': source file has been changed.
'c:\Users\23577\Desktop\CIMC\APP\Protocol\CRC.c': dependence 'c:\Users\23577\Desktop\CIMC\APP\project\..\Function\main.h' has been changed.
'c:\Users\23577\Desktop\CIMC\APP\Protocol\Response.c': dependence 'c:\Users\23577\Desktop\CIMC\APP\project\..\Function\main.h' has been changed.
'c:\Users\23577\Desktop\CIMC\APP\Protocol\parsing.c': dependence 'c:\Users\23577\Desktop\CIMC\APP\project\..\Function\main.h' has been changed.

[2026-06-08 00:39:41]	[done]
	build successfully !

[2026-06-08 00:43:55]	[done]
	build successfully !

[2026-06-08 00:45:22]	[info] incremental build: 1 source files changed
These source files will be recompiled
---
'c:\Users\23577\Desktop\CIMC\APP\Function\function.c': source file has been changed.

[2026-06-08 00:45:22]	[done]
	build successfully !

[2026-06-08 00:46:09]	[done]
	build successfully !

[2026-06-08 00:46:18]	[done]
	build successfully !

[2026-06-08 00:46:44]	[done]
	build successfully !

[2026-06-08 00:48:01]	[info] incremental build: 1 source files changed
These source files will be recompiled
---
'c:\Users\23577\Desktop\CIMC\APP\Function\main.c': source file has been changed.

[2026-06-08 00:48:01]	[done]
	build successfully !

[2026-06-08 00:48:44]	[done]
	build successfully !

[2026-06-08 00:51:27]	[info] incremental build: 1 source files changed
These source files will be recompiled
---
'c:\Users\23577\Desktop\CIMC\APP\Function\main.c': source file has been changed.

[2026-06-08 00:51:27]	[done]
	build successfully !

[2026-06-08 00:53:19]	[info] incremental build: 1 source files changed
These source files will be recompiled
---
'c:\Users\23577\Desktop\CIMC\APP\Function\main.c': source file has been changed.

[2026-06-08 00:53:20]	[done]
	build successfully !

[2026-06-08 01:00:44]	[done]
	build successfully !

[2026-06-08 01:00:53]	[done]
	build successfully !

[2026-06-08 01:01:58]	[done]
	build successfully !

[2026-06-08 01:02:35]	[done]
	build successfully !

[2026-06-08 01:08:54]	[done]
	build successfully !

[2026-06-08 01:11:38]	[done]
	build successfully !

[2026-06-08 01:22:06]	[done]
	build successfully !

[2026-06-08 01:26:23]	[done]
	build successfully !

[2026-06-08 01:28:23]	link failed !, exit code: 1
   at unify_builder.Program.Main(String[] args_)
---
Error: L6200E: Symbol SET_Baud_rate multiply defined (by Flash.o and ADC.o).
Error: L6200E: Symbol SET_Baud_rate multiply defined (by IIC.o and ADC.o).
Error: L6200E: Symbol SET_Baud_rate multiply defined (by LED.o and ADC.o).
Error: L6200E: Symbol SET_Baud_rate multiply defined (by OLED.o and ADC.o).
Error: L6200E: Symbol SET_Baud_rate multiply defined (by RTC.o and ADC.o).
Error: L6200E: Symbol SET_Baud_rate multiply defined (by SPI.o and ADC.o).
Error: L6200E: Symbol SET_Baud_rate multiply defined (by USART.o and ADC.o).
Error: L6200E: Symbol SET_Baud_rate multiply defined (by Sampling.o and ADC.o).
Error: L6200E: Symbol SET_Baud_rate multiply defined (by function.o and ADC.o).
Error: L6200E: Symbol SET_Baud_rate multiply defined (by gd32f4xx_it.o and ADC.o).
Error: L6200E: Symbol SET_Baud_rate multiply defined (by main.o and ADC.o).
Error: L6200E: Symbol SET_Baud_rate multiply defined (by CRC.o and ADC.o).
Error: L6200E: Symbol SET_Baud_rate multiply defined (by Response.o and ADC.o).
Error: L6200E: Symbol SET_Baud_rate multiply defined (by parsing.o and ADC.o).
Not enough information to list image symbols.
Not enough information to list the image map.
Finished: 2 information, 0 warning and 14 error messages.


[2026-06-08 01:30:21]	[done]
	build successfully !

[2026-06-08 01:30:33]	[done]
	build successfully !

[2026-06-08 01:31:49]	[done]
	build successfully !

[2026-06-08 12:16:40]	link failed !, exit code: 1
   at unify_builder.Program.Main(String[] args_)
---
Error: L6218E: Undefined symbol POT_Read_Voltage (referred from function.o).
Not enough information to list image symbols.
Finished: 1 information, 0 warning and 1 error messages.


[2026-06-08 12:16:59]	link failed !, exit code: 1
   at unify_builder.Program.Main(String[] args_)
---
Error: L6218E: Undefined symbol POT_Read_Voltage (referred from function.o).
Not enough information to list image symbols.
Finished: 1 information, 0 warning and 1 error messages.


[2026-06-08 12:22:22]	[done]
	build successfully !

[2026-06-08 12:27:31]	[done]
	build successfully !

[2026-06-08 12:29:21]	[done]
	build successfully !

[2026-06-08 12:29:45]	[done]
	build successfully !

[2026-06-08 12:30:51]	[done]
	build successfully !

[2026-06-08 12:31:41]	[done]
	build successfully !

[2026-06-08 12:31:58]	[done]
	build successfully !

[2026-06-08 12:34:17]	[done]
	build successfully !

[2026-06-08 12:40:13]	[done]
	build successfully !

[2026-06-08 12:40:42]	[done]
	build successfully !

[2026-06-08 12:45:08]	[done]
	build successfully !

[2026-06-08 12:46:19]	[done]
	build successfully !

[2026-06-08 12:48:17]	[done]
	build successfully !

[2026-06-08 12:54:48]	[done]
	build successfully !

[2026-06-08 12:55:13]	[done]
	build successfully !

[2026-06-08 12:57:46]	[done]
	build successfully !

[2026-06-08 12:59:22]	[done]
	build successfully !

[2026-06-08 13:00:45]	[done]
	build successfully !

[2026-06-08 13:03:20]	[done]
	build successfully !

[2026-06-08 13:03:29]	[done]
	build successfully !

[2026-06-08 13:04:02]	[done]
	build successfully !

[2026-06-08 13:04:35]	[done]
	build successfully !

[2026-06-08 13:08:34]	[done]
	build successfully !

[2026-06-08 13:20:19]	[done]
	build successfully !

[2026-06-08 13:35:27]	[done]
	build successfully !

[2026-06-08 13:35:50]	[done]
	build successfully !

[2026-06-08 13:38:22]	[done]
	build successfully !

[2026-06-08 13:40:49]	[done]
	build successfully !

[2026-06-08 13:43:11]	[done]
	build successfully !

[2026-06-08 13:45:21]	[done]
	build successfully !

[2026-06-08 13:57:41]	compilation failed at : "c:\Users\23577\Desktop\CIMC\APP\Function\function.c", exit code: 1
command: 
  "D:\keil5\ARM\ARMCC\bin\armcc.exe" -c --apcs=interwork -I../CMSIS -I../CMSIS/GD/GD32F4xx/Include -I../HeaderFiles -I../Library/GD32F4xx_standard_peripheral/Include -I../CMSIS/GD/GD32F4xx/Source/ARM -I../Function -I../Protocol -I../Driver -I.cmsis/include -IRTE/_app -D"USE_STDPERIPH_DRIVER" -D"GD32F470" --cpu Cortex-M4.fp --li --c99 -D__MICROLIB -O0 --split_sections --gnu --diag_suppress=1 --diag_suppress=1295 -g -o .\build\app\.obj\__\Function\function.o --no_depend_system_headers --depend .\build\app\.obj\__\Function\function.d .\..\Function\function.c
   at unify_builder.Program.compileByMulThread(Int32 thrNum, CmdInfo[] cmds_, List`1 errLogs)
   at unify_builder.Program.Main(String[] args_)
---
"../Function/function.h", line 8: Warning:  #260-D: explicit type is missing ("int" assumed)
  extern g_ch1_ratio;
         ^
"../Function/function.h", line 11: Warning:  #260-D: explicit type is missing ("int" assumed)
  extern ch0_threshold;
         ^
"../Function/function.h", line 12: Warning:  #260-D: explicit type is missing ("int" assumed)
  extern ch1_threshold;
         ^
".\..\Function\function.c", line 11: Error:  #147: declaration is incompatible with "int g_ch1_ratio"  (declared at line 8 of "../Function/function.h")
  float g_ch1_ratio = 2;
        ^
".\..\Function\function.c", line 14: Error:  #147: declaration is incompatible with "int ch0_threshold"  (declared at line 11 of "../Function/function.h")
  float ch0_threshold = 21.59;
        ^
".\..\Function\function.c", line 15: Error:  #147: declaration is incompatible with "int ch1_threshold"  (declared at line 12 of "../Function/function.h")
  float ch1_threshold = 21.59;
        ^
.\..\Function\function.c: 3 warnings, 3 errors

[2026-06-08 13:58:34]	[done]
	build successfully !

[2026-06-08 14:02:30]	[done]
	build successfully !

[2026-06-08 14:10:29]	compilation failed at : "c:\Users\23577\Desktop\CIMC\APP\Function\function.c", exit code: 1
command: 
  "D:\keil5\ARM\ARMCC\bin\armcc.exe" -c --apcs=interwork -I../CMSIS -I../CMSIS/GD/GD32F4xx/Include -I../HeaderFiles -I../Library/GD32F4xx_standard_peripheral/Include -I../CMSIS/GD/GD32F4xx/Source/ARM -I../Function -I../Protocol -I../Driver -I.cmsis/include -IRTE/_app -D"USE_STDPERIPH_DRIVER" -D"GD32F470" --cpu Cortex-M4.fp --li --c99 -D__MICROLIB -O0 --split_sections --gnu --diag_suppress=1 --diag_suppress=1295 -g -o .\build\app\.obj\__\Function\function.o --no_depend_system_headers --depend .\build\app\.obj\__\Function\function.d .\..\Function\function.c
   at unify_builder.Program.compileByMulThread(Int32 thrNum, CmdInfo[] cmds_, List`1 errLogs)
   at unify_builder.Program.Main(String[] args_)
---
".\..\Function\function.c", line 452: Error:  #137: expression must be a modifiable lvalue
          response_value.Content = 0xff;
          ^
.\..\Function\function.c: 0 warnings, 1 error

[2026-06-08 14:10:48]	[done]
	build successfully !

[2026-06-08 14:17:21]	[done]
	build successfully !

[2026-06-08 14:23:52]	[done]
	build successfully !

[2026-06-08 14:41:03]	[done]
	build successfully !

[2026-06-08 14:43:38]	[done]
	build successfully !

[2026-06-08 14:47:29]	[done]
	build successfully !

[2026-06-08 14:48:12]	[done]
	build successfully !

[2026-06-08 14:49:30]	[done]
	build successfully !

[2026-06-08 14:50:11]	[done]
	build successfully !

[2026-06-08 14:50:58]	[done]
	build successfully !

[2026-06-08 14:52:24]	[done]
	build successfully !

[2026-06-08 14:57:24]	[done]
	build successfully !

[2026-06-08 15:00:09]	[done]
	build successfully !

[2026-06-08 15:01:47]	[done]
	build successfully !

[2026-06-08 15:02:03]	[done]
	build successfully !

[2026-06-08 15:02:18]	[done]
	build successfully !

[2026-06-08 15:02:36]	[done]
	build successfully !

[2026-06-08 15:05:04]	[done]
	build successfully !

[2026-06-08 15:05:49]	[done]
	build successfully !

[2026-06-08 15:06:02]	[done]
	build successfully !

[2026-06-08 15:06:47]	[done]
	build successfully !

[2026-06-08 15:07:00]	[done]
	build successfully !

[2026-06-08 15:09:02]	[done]
	build successfully !

[2026-06-08 15:09:35]	[done]
	build successfully !

[2026-06-08 15:09:50]	[done]
	build successfully !

[2026-06-08 15:10:16]	[done]
	build successfully !

[2026-06-08 15:13:09]	[done]
	build successfully !

[2026-06-08 15:13:36]	[done]
	build successfully !

[2026-06-08 15:14:21]	[done]
	build successfully !

[2026-06-08 15:37:06]	[done]
	build successfully !

[2026-06-08 15:37:16]	[done]
	build successfully !

[2026-06-08 15:39:31]	[done]
	build successfully !

[2026-06-08 16:13:21]	[done]
	build successfully !

[2026-06-08 16:16:00]	[done]
	build successfully !

[2026-06-08 16:16:31]	[done]
	build successfully !

[2026-06-08 16:17:05]	[done]
	build successfully !

[2026-06-08 16:27:50]	[done]
	build successfully !

[2026-06-08 16:29:59]	[done]
	build successfully !

[2026-06-08 16:30:12]	[done]
	build successfully !

[2026-06-08 16:35:04]	[done]
	build successfully !

[2026-06-08 16:36:19]	[done]
	build successfully !

[2026-06-08 16:41:16]	[done]
	build successfully !

[2026-06-08 16:45:49]	[done]
	build successfully !

[2026-06-08 16:46:00]	[done]
	build successfully !

[2026-06-08 16:47:19]	[done]
	build successfully !

[2026-06-08 16:54:30]	[done]
	build successfully !

[2026-06-08 17:06:19]	[done]
	build successfully !

[2026-06-08 17:07:27]	[done]
	build successfully !

[2026-06-08 17:10:13]	[done]
	build successfully !

[2026-06-08 17:10:52]	[done]
	build successfully !

[2026-06-08 17:11:48]	[done]
	build successfully !

[2026-06-08 17:12:15]	[done]
	build successfully !

[2026-06-08 17:13:41]	[done]
	build successfully !

[2026-06-08 17:14:00]	[done]
	build successfully !

[2026-06-08 17:22:28]	[done]
	build successfully !

[2026-06-08 17:22:49]	[done]
	build successfully !

[2026-06-08 17:23:03]	[done]
	build successfully !

[2026-06-08 17:23:25]	[done]
	build successfully !

[2026-06-08 17:23:39]	[done]
	build successfully !

[2026-06-08 17:24:15]	[done]
	build successfully !

[2026-06-08 17:25:45]	[done]
	build successfully !

[2026-06-08 17:26:25]	[done]
	build successfully !

[2026-06-14 02:56:50]	[done]
	build successfully !

