Component: ARM Compiler 5.06 update 6 (build 750) Tool: armlink [4d35ed]

==============================================================================

Section Cross References

    main.o(i.Read_Parameter) refers to main.o(.bss) for parameter
    main.o(i.Save_Parameter) refers to gd32f4xx_fmc.o(i.fmc_unlock) for fmc_unlock
    main.o(i.Save_Parameter) refers to gd32f4xx_fmc.o(i.fmc_page_erase) for fmc_page_erase
    main.o(i.Save_Parameter) refers to gd32f4xx_fmc.o(i.fmc_halfword_program) for fmc_halfword_program
    main.o(i.Save_Parameter) refers to gd32f4xx_fmc.o(i.fmc_byte_program) for fmc_byte_program
    main.o(i.Save_Parameter) refers to gd32f4xx_fmc.o(i.fmc_word_program) for fmc_word_program
    main.o(i.Save_Parameter) refers to gd32f4xx_fmc.o(i.fmc_lock) for fmc_lock
    main.o(i.Save_Parameter) refers to main.o(.bss) for parameter
    main.o(i.main) refers to main.o(i.nvic_config) for nvic_config
    main.o(i.main) refers to systick.o(i.systick_config) for systick_config
    main.o(i.main) refers to main.o(i.Read_Parameter) for Read_Parameter
    main.o(i.main) refers to usart.o(i.USART0_Config) for USART0_Config
    main.o(i.main) refers to printfa.o(i.__0printf) for __2printf
    main.o(i.main) refers to rtc.o(i.RTC_Init) for RTC_Init
    main.o(i.main) refers to led.o(i.LED_init) for LED_init
    main.o(i.main) refers to oled.o(i.OLED_Init) for OLED_Init
    main.o(i.main) refers to adc.o(i.ADC_port_init) for ADC_port_init
    main.o(i.main) refers to dac.o(i.DAC_Init) for DAC_Init
    main.o(i.main) refers to response.o(i.Frame_assembly) for Frame_assembly
    main.o(i.main) refers to oled.o(i.isOLED) for isOLED
    main.o(i.main) refers to parsing.o(i.Frame_analysis) for Frame_analysis
    main.o(i.main) refers to function.o(i.execute_Command_word) for execute_Command_word
    main.o(i.main) refers to parsing.o(i.deinit_GFF) for deinit_GFF
    main.o(i.main) refers to main.o(.bss) for parameter
    main.o(i.main) refers to usart.o(.data) for SET_Baud_rate
    main.o(i.main) refers to function.o(.data) for g_ch0_ratio
    main.o(i.main) refers to response.o(.bss) for response_value
    main.o(i.main) refers to parsing.o(.data) for parsingStatus
    main.o(i.main) refers to parsing.o(.bss) for receive_value
    main.o(i.main) refers to response.o(.data) for response_status
    main.o(i.main) refers to usart.o(.bss) for rx_buf
    main.o(i.main) refers to main.o(.data) for reboot
    main.o(i.nvic_config) refers to gd32f4xx_misc.o(i.nvic_priority_group_set) for nvic_priority_group_set
    systick.o(i.delay_1ms) refers to systick.o(.data) for delay
    systick.o(i.delay_decrement) refers to systick.o(.data) for delay
    systick.o(i.systick_config) refers to systick.o(i.NVIC_SetPriority) for NVIC_SetPriority
    systick.o(i.systick_config) refers to system_gd32f4xx.o(.data) for SystemCoreClock
    gd32f4xx_it.o(i.SysTick_Handler) refers to systick.o(i.delay_decrement) for delay_decrement
    gd32f4xx_it.o(i.SysTick_Handler) refers to led.o(i.LED_overturn) for LED_overturn
    gd32f4xx_it.o(i.SysTick_Handler) refers to gd32f4xx_it.o(.data) for count
    gd32f4xx_it.o(i.USART0_IRQHandler) refers to gd32f4xx_usart.o(i.usart_interrupt_flag_get) for usart_interrupt_flag_get
    gd32f4xx_it.o(i.USART0_IRQHandler) refers to gd32f4xx_usart.o(i.usart_data_receive) for usart_data_receive
    gd32f4xx_it.o(i.USART0_IRQHandler) refers to gd32f4xx_usart.o(i.usart_interrupt_flag_clear) for usart_interrupt_flag_clear
    gd32f4xx_it.o(i.USART0_IRQHandler) refers to usart.o(.data) for rx_head
    gd32f4xx_it.o(i.USART0_IRQHandler) refers to usart.o(.bss) for rx_buf
    function.o(i.ADC_Get_CH0_Ratio) refers to function.o(.data) for g_ch0_ratio
    function.o(i.ADC_Get_CH0_Value) refers to function.o(i.ADC_Get_CH0_Voltage) for ADC_Get_CH0_Voltage
    function.o(i.ADC_Get_CH0_Value) refers to function.o(.data) for g_ch0_ratio
    function.o(i.ADC_Get_CH0_Voltage) refers to function.o(i.ADC_Read_CH0) for ADC_Read_CH0
    function.o(i.ADC_Get_CH1_Ratio) refers to function.o(.data) for g_ch1_ratio
    function.o(i.ADC_Get_CH1_Value) refers to function.o(i.ADC_Get_CH1_Voltage) for ADC_Get_CH1_Voltage
    function.o(i.ADC_Get_CH1_Value) refers to function.o(.data) for g_ch1_ratio
    function.o(i.ADC_Get_CH1_Voltage) refers to function.o(i.ADC_Read_CH1) for ADC_Read_CH1
    function.o(i.ADC_Read_CH0) refers to gd32f4xx_adc.o(i.adc_routine_channel_config) for adc_routine_channel_config
    function.o(i.ADC_Read_CH0) refers to gd32f4xx_adc.o(i.adc_software_trigger_enable) for adc_software_trigger_enable
    function.o(i.ADC_Read_CH0) refers to gd32f4xx_adc.o(i.adc_flag_get) for adc_flag_get
    function.o(i.ADC_Read_CH0) refers to gd32f4xx_adc.o(i.adc_routine_data_read) for adc_routine_data_read
    function.o(i.ADC_Read_CH1) refers to gd32f4xx_adc.o(i.adc_routine_channel_config) for adc_routine_channel_config
[...]
    ../clib/microlib/printf/printf.c         0x00000000   Number         0  printf8.o ABSOLUTE
    ../clib/microlib/printf/printf.c         0x00000000   Number         0  printf3.o ABSOLUTE
    ../clib/microlib/printf/printf.c         0x00000000   Number         0  printf4.o ABSOLUTE
    ../clib/microlib/printf/printf.c         0x00000000   Number         0  printf5.o ABSOLUTE
    ../clib/microlib/printf/printf.c         0x00000000   Number         0  printf6.o ABSOLUTE
    ../clib/microlib/printf/printf.c         0x00000000   Number         0  printfb.o ABSOLUTE
    ../clib/microlib/printf/printf.c         0x00000000   Number         0  printf0.o ABSOLUTE
    ../clib/microlib/printf/printf.c         0x00000000   Number         0  printf1.o ABSOLUTE
    ../clib/microlib/printf/stubs.s          0x00000000   Number         0  stubs.o ABSOLUTE
    ../clib/microlib/stdio/streams.c         0x00000000   Number         0  stdout.o ABSOLUTE
    ../clib/microlib/string/memset.c         0x00000000   Number         0  memseta.o ABSOLUTE
    ../clib/microlib/stubs.s                 0x00000000   Number         0  iusefp.o ABSOLUTE
    ../fplib/microlib/f2d.c                  0x00000000   Number         0  f2d.o ABSOLUTE
    ../fplib/microlib/fpadd.c                0x00000000   Number         0  dadd.o ABSOLUTE
    ../fplib/microlib/fpdiv.c                0x00000000   Number         0  ddiv.o ABSOLUTE
    ../fplib/microlib/fpepilogue.c           0x00000000   Number         0  depilogue.o ABSOLUTE
    ../fplib/microlib/fpfix.c                0x00000000   Number         0  dfixul.o ABSOLUTE
    ../fplib/microlib/fpmul.c                0x00000000   Number         0  dmul.o ABSOLUTE
    ..\CMSIS\GD\GD32F4xx\Source\system_gd32f4xx.c 0x00000000   Number         0  system_gd32f4xx.o ABSOLUTE
    ..\Driver\ADC.c                          0x00000000   Number         0  adc.o ABSOLUTE
    ..\Driver\DAC.c                          0x00000000   Number         0  dac.o ABSOLUTE
    ..\Driver\Flash.c                        0x00000000   Number         0  flash.o ABSOLUTE
    ..\Driver\IIC.c                          0x00000000   Number         0  iic.o ABSOLUTE
    ..\Driver\LED.c                          0x00000000   Number         0  led.o ABSOLUTE
    ..\Driver\OLED.c                         0x00000000   Number         0  oled.o ABSOLUTE
    ..\Driver\RTC.c                          0x00000000   Number         0  rtc.o ABSOLUTE
    ..\Driver\SPI.c                          0x00000000   Number         0  spi.o ABSOLUTE
    ..\Driver\USART.c                        0x00000000   Number         0  usart.o ABSOLUTE
    ..\Function\Sampling.c                   0x00000000   Number         0  sampling.o ABSOLUTE
    ..\Function\function.c                   0x00000000   Number         0  function.o ABSOLUTE
    ..\Function\gd32f4xx_it.c                0x00000000   Number         0  gd32f4xx_it.o ABSOLUTE
    ..\Function\main.c                       0x00000000   Number         0  main.o ABSOLUTE
    ..\Function\systick.c                    0x00000000   Number         0  systick.o ABSOLUTE
    ..\Library\GD32F4xx_standard_peripheral\Source\gd32f4xx_adc.c 0x00000000   Number         0  gd32f4xx_adc.o ABSOLUTE
    ..\Library\GD32F4xx_standard_peripheral\Source\gd32f4xx_can.c 0x00000000   Number         0  gd32f4xx_can.o ABSOLUTE
    ..\Library\GD32F4xx_standard_peripheral\Source\gd32f4xx_crc.c 0x00000000   Number         0  gd32f4xx_crc.o ABSOLUTE
    ..\Library\GD32F4xx_standard_peripheral\Source\gd32f4xx_ctc.c 0x00000000   Number         0  gd32f4xx_ctc.o ABSOLUTE
    ..\Library\GD32F4xx_standard_peripheral\Source\gd32f4xx_dac.c 0x00000000   Number         0  gd32f4xx_dac.o ABSOLUTE
    ..\Library\GD32F4xx_standard_peripheral\Source\gd32f4xx_dbg.c 0x00000000   Number         0  gd32f4xx_dbg.o ABSOLUTE
    ..\Library\GD32F4xx_standard_peripheral\Source\gd32f4xx_dci.c 0x00000000   Number         0  gd32f4xx_dci.o ABSOLUTE
    ..\Library\GD32F4xx_standard_peripheral\Source\gd32f4xx_dma.c 0x00000000   Number         0  gd32f4xx_dma.o ABSOLUTE
    ..\Library\GD32F4xx_standard_peripheral\Source\gd32f4xx_enet.c 0x00000000   Number         0  gd32f4xx_enet.o ABSOLUTE
    ..\Library\GD32F4xx_standard_peripheral\Source\gd32f4xx_exmc.c 0x00000000   Number         0  gd32f4xx_exmc.o ABSOLUTE
    ..\Library\GD32F4xx_standard_peripheral\Source\gd32f4xx_exti.c 0x00000000   Number         0  gd32f4xx_exti.o ABSOLUTE
    ..\Library\GD32F4xx_standard_peripheral\Source\gd32f4xx_fmc.c 0x00000000   Number         0  gd32f4xx_fmc.o ABSOLUTE
    ..\Library\GD32F4xx_standard_peripheral\Source\gd32f4xx_fwdgt.c 0x00000000   Number         0  gd32f4xx_fwdgt.o ABSOLUTE
    ..\Library\GD32F4xx_standard_peripheral\Source\gd32f4xx_gpio.c 0x00000000   Number         0  gd32f4xx_gpio.o ABSOLUTE
    ..\Library\GD32F4xx_standard_peripheral\Source\gd32f4xx_i2c.c 0x00000000   Number         0  gd32f4xx_i2c.o ABSOLUTE
    ..\Library\GD32F4xx_standard_peripheral\Source\gd32f4xx_ipa.c 0x00000000   Number         0  gd32f4xx_ipa.o ABSOLUTE
    ..\Library\GD32F4xx_standard_peripheral\Source\gd32f4xx_iref.c 0x00000000   Number         0  gd32f4xx_iref.o ABSOLUTE
    ..\Library\GD32F4xx_standard_peripheral\Source\gd32f4xx_misc.c 0x00000000   Number         0  gd32f4xx_misc.o ABSOLUTE
    ..\Library\GD32F4xx_standard_peripheral\Source\gd32f4xx_pmu.c 0x00000000   Number         0  gd32f4xx_pmu.o ABSOLUTE
    ..\Library\GD32F4xx_standard_peripheral\Source\gd32f4xx_rcu.c 0x00000000   Number         0  gd32f4xx_rcu.o ABSOLUTE
    ..\Library\GD32F4xx_standard_peripheral\Source\gd32f4xx_rtc.c 0x00000000   Number         0  gd32f4xx_rtc.o ABSOLUTE
    ..\Library\GD32F4xx_standard_peripheral\Source\gd32f4xx_sdio.c 0x00000000   Number         0  gd32f4xx_sdio.o ABSOLUTE
    ..\Library\GD32F4xx_standard_peripheral\Source\gd32f4xx_spi.c 0x00000000   Number         0  gd32f4xx_spi.o ABSOLUTE
    ..\Library\GD32F4xx_standard_peripheral\Source\gd32f4xx_syscfg.c 0x00000000   Number         0  gd32f4xx_syscfg.o ABSOLUTE
    ..\Library\GD32F4xx_standard_peripheral\Source\gd32f4xx_timer.c 0x00000000   Number         0  gd32f4xx_timer.o ABSOLUTE
    ..\Library\GD32F4xx_standard_peripheral\Source\gd32f4xx_tli.c 0x00000000   Number         0  gd32f4xx_tli.o ABSOLUTE
    ..\Library\GD32F4xx_standard_peripheral\Source\gd32f4xx_trng.c 0x00000000   Number         0  gd32f4xx_trng.o ABSOLUTE
    ..\Library\GD32F4xx_standard_peripheral\Source\gd32f4xx_usart.c 0x00000000   Number         0  gd32f4xx_usart.o ABSOLUTE
    ..\Library\GD32F4xx_standard_peripheral\Source\gd32f4xx_wwdgt.c 0x00000000   Number         0  gd32f4xx_wwdgt.o ABSOLUTE
    ..\Protocol\CRC.c                        0x00000000   Number         0  crc.o ABSOLUTE
    ..\Protocol\Response.c                   0x00000000   Number         0  response.o ABSOLUTE
    ..\Protocol\parsing.c                    0x00000000   Number         0  parsing.o ABSOLUTE
    ..\Startup\startup_gd32f450_470.s        0x00000000   Number         0  startup_gd32f450_470.o ABSOLUTE
    ..\\CMSIS\\GD\\GD32F4xx\\Source\\system_gd32f4xx.c 0x00000000   Number         0  system_gd32f4xx.o ABSOLUTE
    ..\\Driver\\ADC.c                        0x00000000   Number         0  adc.o ABSOLUTE
    ..\\Driver\\DAC.c                        0x00000000   Number         0  dac.o ABSOLUTE
    ..\\Driver\\Flash.c                      0x00000000   Number         0  flash.o ABSOLUTE
    ..\\Driver\\IIC.c                        0x00000000   Number         0  iic.o ABSOLUTE
    ..\\Driver\\LED.c                        0x00000000   Number         0  led.o ABSOLUTE
    ..\\Driver\\OLED.c                       0x00000000   Number         0  oled.o ABSOLUTE
    ..\\Driver\\RTC.c                        0x00000000   Number         0  rtc.o ABSOLUTE
    ..\\Driver\\SPI.c                        0x00000000   Number         0  spi.o ABSOLUTE
    ..\\Driver\\USART.c                      0x00000000   Number         0  usart.o ABSOLUTE
    ..\\Function\\Sampling.c                 0x00000000   Number         0  sampling.o ABSOLUTE
    ..\\Function\\function.c                 0x00000000   Number         0  function.o ABSOLUTE
    ..\\Function\\gd32f4xx_it.c              0x00000000   Number         0  gd32f4xx_it.o ABSOLUTE
    ..\\Function\\main.c                     0x00000000   Number         0  main.o ABSOLUTE
    ..\\Function\\systick.c                  0x00000000   Number         0  systick.o ABSOLUTE
    ..\\Library\\GD32F4xx_standard_peripheral\\Source\\gd32f4xx_adc.c 0x00000000   Number         0  gd32f4xx_adc.o ABSOLUTE
    ..\\Library\\GD32F4xx_standard_peripheral\\Source\\gd32f4xx_can.c 0x00000000   Number         0  gd32f4xx_can.o ABSOLUTE
    ..\\Library\\GD32F4xx_standard_peripheral\\Source\\gd32f4xx_crc.c 0x00000000   Number         0  gd32f4xx_crc.o ABSOLUTE
    ..\\Library\\GD32F4xx_standard_peripheral\\Source\\gd32f4xx_ctc.c 0x00000000   Number         0  gd32f4xx_ctc.o ABSOLUTE
    ..\\Library\\GD32F4xx_standard_peripheral\\Source\\gd32f4xx_dac.c 0x00000000   Number         0  gd32f4xx_dac.o ABSOLUTE
    ..\\Library\\GD32F4xx_standard_peripheral\\Source\\gd32f4xx_dbg.c 0x00000000   Number         0  gd32f4xx_dbg.o ABSOLUTE
    ..\\Library\\GD32F4xx_standard_peripheral\\Source\\gd32f4xx_dci.c 0x00000000   Number         0  gd32f4xx_dci.o ABSOLUTE
    ..\\Library\\GD32F4xx_standard_peripheral\\Source\\gd32f4xx_dma.c 0x00000000   Number         0  gd32f4xx_dma.o ABSOLUTE
    ..\\Library\\GD32F4xx_standard_peripheral\\Source\\gd32f4xx_enet.c 0x00000000   Number         0  gd32f4xx_enet.o ABSOLUTE
    ..\\Library\\GD32F4xx_standard_peripheral\\Source\\gd32f4xx_exmc.c 0x00000000   Number         0  gd32f4xx_exmc.o ABSOLUTE
    ..\\Library\\GD32F4xx_standard_peripheral\\Source\\gd32f4xx_exti.c 0x00000000   Number         0  gd32f4xx_exti.o ABSOLUTE
    ..\\Library\\GD32F4xx_standard_peripheral\\Source\\gd32f4xx_fmc.c 0x00000000   Number         0  gd32f4xx_fmc.o ABSOLUTE
    ..\\Library\\GD32F4xx_standard_peripheral\\Source\\gd32f4xx_fwdgt.c 0x00000000   Number         0  gd32f4xx_fwdgt.o ABSOLUTE
    ..\\Library\\GD32F4xx_standard_peripheral\\Source\\gd32f4xx_gpio.c 0x00000000   Number         0  gd32f4xx_gpio.o ABSOLUTE
    ..\\Library\\GD32F4xx_standard_peripheral\\Source\\gd32f4xx_i2c.c 0x00000000   Number         0  gd32f4xx_i2c.o ABSOLUTE
    ..\\Library\\GD32F4xx_standard_peripheral\\Source\\gd32f4xx_ipa.c 0x00000000   Number         0  gd32f4xx_ipa.o ABSOLUTE
    ..\\Library\\GD32F4xx_standard_peripheral\\Source\\gd32f4xx_iref.c 0x00000000   Number         0  gd32f4xx_iref.o ABSOLUTE
    ..\\Library\\GD32F4xx_standard_peripheral\\Source\\gd32f4xx_misc.c 0x00000000   Number         0  gd32f4xx_misc.o ABSOLUTE
    ..\\Library\\GD32F4xx_standard_peripheral\\Source\\gd32f4xx_pmu.c 0x00000000   Number         0  gd32f4xx_pmu.o ABSOLUTE
    ..\\Library\\GD32F4xx_standard_peripheral\\Source\\gd32f4xx_rcu.c 0x00000000   Number         0  gd32f4xx_rcu.o ABSOLUTE
    ..\\Library\\GD32F4xx_standard_peripheral\\Source\\gd32f4xx_rtc.c 0x00000000   Number         0  gd32f4xx_rtc.o ABSOLUTE
    ..\\Library\\GD32F4xx_standard_peripheral\\Source\\gd32f4xx_sdio.c 0x00000000   Number         0  gd32f4xx_sdio.o ABSOLUTE
    ..\\Library\\GD32F4xx_standard_peripheral\\Source\\gd32f4xx_spi.c 0x00000000   Number         0  gd32f4xx_spi.o ABSOLUTE
    ..\\Library\\GD32F4xx_standard_peripheral\\Source\\gd32f4xx_syscfg.c 0x00000000   Number         0  gd32f4xx_syscfg.o ABSOLUTE
    ..\\Library\\GD32F4xx_standard_peripheral\\Source\\gd32f4xx_timer.c 0x00000000   Number         0  gd32f4xx_timer.o ABSOLUTE
    ..\\Library\\GD32F4xx_standard_peripheral\\Source\\gd32f4xx_tli.c 0x00000000   Number         0  gd32f4xx_tli.o ABSOLUTE
    ..\\Library\\GD32F4xx_standard_peripheral\\Source\\gd32f4xx_trng.c 0x00000000   Number         0  gd32f4xx_trng.o ABSOLUTE
    ..\\Library\\GD32F4xx_standard_peripheral\\Source\\gd32f4xx_usart.c 0x00000000   Number         0  gd32f4xx_usart.o ABSOLUTE
    ..\\Library\\GD32F4xx_standard_peripheral\\Source\\gd32f4xx_wwdgt.c 0x00000000   Number         0  gd32f4xx_wwdgt.o ABSOLUTE
    ..\\Protocol\\CRC.c                      0x00000000   Number         0  crc.o ABSOLUTE
    ..\\Protocol\\Response.c                 0x00000000   Number         0  response.o ABSOLUTE
    ..\\Protocol\\parsing.c                  0x00000000   Number         0  parsing.o ABSOLUTE
    cdrcmple.s                               0x00000000   Number         0  cdrcmple.o ABSOLUTE
    dc.s                                     0x00000000   Number         0  dc.o ABSOLUTE
    handlers.s                               0x00000000   Number         0  handlers.o ABSOLUTE
    init.s                                   0x00000000   Number         0  init.o ABSOLUTE
    RESET                                    0x08000000   Section      428  startup_gd32f450_470.o(RESET)
    .ARM.Collect$$$$00000000                 0x080001ac   Section        0  entry.o(.ARM.Collect$$$$00000000)
    .ARM.Collect$$$$00000001                 0x080001ac   Section        4  entry2.o(.ARM.Collect$$$$00000001)
    .ARM.Collect$$$$00000004                 0x080001b0   Section        4  entry5.o(.ARM.Collect$$$$00000004)
    .ARM.Collect$$$$00000008                 0x080001b4   Section        0  entry7b.o(.ARM.Collect$$$$00000008)
    .ARM.Collect$$$$0000000A                 0x080001b4   Section        0  entry8b.o(.ARM.Collect$$$$0000000A)
    .ARM.Collect$$$$0000000B                 0x080001b4   Section        8  entry9a.o(.ARM.Collect$$$$0000000B)
    .ARM.Collect$$$$0000000D                 0x080001bc   Section        0  entry10a.o(.ARM.Collect$$$$0000000D)
    .ARM.Collect$$$$0000000F                 0x080001bc   Section        0  entry11a.o(.ARM.Collect$$$$0000000F)
    .ARM.Collect$$$$00002712                 0x080001bc   Section        4  entry2.o(.ARM.Collect$$$$00002712)
    __lit__00000000                          0x080001bc   Data           4  entry2.o(.ARM.Collect$$$$00002712)
    .text                                    0x080001c0   Section       36  startup_gd32f450_470.o(.text)
    $v0                                      0x080001c0   Number         0  startup_gd32f450_470.o(.text)
    .text                                    0x080001e4   Section        0  memseta.o(.text)
    .text                                    0x08000208   Section        0  f2d.o(.text)
    .text                                    0x0800022e   Section        0  uidiv.o(.text)
    .text                                    0x0800025a   Section        0  uldiv.o(.text)
    .text                                    0x080002bc   Section        0  dadd.o(.text)
    .text                                    0x080002bc   Section        0  iusefp.o(.text)
    .text                                    0x0800040a   Section        0  dmul.o(.text)
    .text                                    0x080004ee   Section        0  ddiv.o(.text)
    .text                                    0x080005cc   Section        0  dfixul.o(.text)
    .text                                    0x080005fc   Section       48  cdrcmple.o(.text)
    .text                                    0x0800062c   Section       36  init.o(.text)
    .text                                    0x08000650   Section        0  llshl.o(.text)
    .text                                    0x0800066e   Section        0  llushr.o(.text)
    .text                                    0x0800068e   Section        0  llsshr.o(.text)
    .text                                    0x080006b2   Section        0  depilogue.o(.text)
    i.ADC_Get_CH0_Voltage                    0x0800076c   Section        0  function.o(i.ADC_Get_CH0_Voltage)
    i.ADC_Init                               0x0800079c   Section        0  adc.o(i.ADC_Init)
    i.ADC_Read_CH0                           0x08000820   Section        0  function.o(i.ADC_Read_CH0)
    i.ADC_Read_CH1                           0x08000854   Section        0  function.o(i.ADC_Read_CH1)
    i.ADC_Set_CH0_Ratio                      0x08000888   Section        0  function.o(i.ADC_Set_CH0_Ratio)
    i.ADC_Set_CH1_Ratio                      0x080008b0   Section        0  function.o(i.ADC_Set_CH1_Ratio)
    i.ADC_port_init                          0x080008d8   Section        0  adc.o(i.ADC_port_init)
    i.ASCIItoHex                             0x08000908   Section        0  parsing.o(i.ASCIItoHex)
    i.BusFault_Handler                       0x0800096e   Section        0  gd32f4xx_it.o(i.BusFault_Handler)
    i.Bytes_To_Float_BigEndian               0x08000972   Section        0  function.o(i.Bytes_To_Float_BigEndian)
    i.CRC16_transform                        0x0800098c   Section        0  crc.o(i.CRC16_transform)
    i.DAC_Init                               0x080009c8   Section        0  dac.o(i.DAC_Init)
    i.DAC_Set_Output                         0x08000a28   Section        0  dac.o(i.DAC_Set_Output)
    i.DebugMon_Handler                       0x08000a50   Section        0  gd32f4xx_it.o(i.DebugMon_Handler)
    i.Float_To_Bytes_BigEndian               0x08000a52   Section        0  function.o(i.Float_To_Bytes_BigEndian)
    i.Frame_analysis                         0x08000a6c   Section        0  parsing.o(i.Frame_analysis)
    i.Frame_assembly                         0x08000c24   Section        0  response.o(i.Frame_assembly)
    i.HardFault_Handler                      0x08000d20   Section        0  gd32f4xx_it.o(i.HardFault_Handler)
    i.I2C_Start                              0x08000d24   Section        0  oled.o(i.I2C_Start)
    i.I2C_Stop                               0x08000d7c   Section        0  oled.o(i.I2C_Stop)
    i.I2C_WaitAck                            0x08000dc4   Section        0  oled.o(i.I2C_WaitAck)
    i.IIC_delay                              0x08000e3c   Section        0  oled.o(i.IIC_delay)
    i.LED_init                               0x08000e4c   Section        0  led.o(i.LED_init)
    i.LED_overturn                           0x08000e9c   Section        0  led.o(i.LED_overturn)
    i.MemManage_Handler                      0x08000ecc   Section        0  gd32f4xx_it.o(i.MemManage_Handler)
    i.NMI_Handler                            0x08000ed0   Section        0  gd32f4xx_it.o(i.NMI_Handler)
    i.NVIC_SetPriority                       0x08000ed4   Section        0  systick.o(i.NVIC_SetPriority)
    NVIC_SetPriority                         0x08000ed5   Thumb Code    32  systick.o(i.NVIC_SetPriority)
    i.OLED_Clear                             0x08000efc   Section        0  oled.o(i.OLED_Clear)
    i.OLED_ClearPoint                        0x08000f2c   Section        0  oled.o(i.OLED_ClearPoint)
    i.OLED_DrawPoint                         0x08000f8c   Section        0  oled.o(i.OLED_DrawPoint)
    i.OLED_Init                              0x08000fc8   Section        0  oled.o(i.OLED_Init)
    i.OLED_Refresh                           0x08001110   Section        0  oled.o(i.OLED_Refresh)
    i.OLED_ShowChar                          0x0800115c   Section        0  oled.o(i.OLED_ShowChar)
    i.OLED_ShowString                        0x08001258   Section        0  oled.o(i.OLED_ShowString)
    i.OLED_WR_Byte                           0x0800129a   Section        0  oled.o(i.OLED_WR_Byte)
    i.PendSV_Handler                         0x080012d2   Section        0  gd32f4xx_it.o(i.PendSV_Handler)
    i.RTC_Init                               0x080012d4   Section        0  rtc.o(i.RTC_Init)
    i.RTC_to_UTC                             0x08001358   Section        0  rtc.o(i.RTC_to_UTC)
    i.Read_Parameter                         0x080014d0   Section        0  main.o(i.Read_Parameter)
    i.SDIO_IRQHandler                        0x08001530   Section        0  gd32f4xx_it.o(i.SDIO_IRQHandler)
    i.SVC_Handler                            0x08001532   Section        0  gd32f4xx_it.o(i.SVC_Handler)
    i.Save_Parameter                         0x08001534   Section        0  main.o(i.Save_Parameter)
    i.Send_Byte                              0x080015f4   Section        0  oled.o(i.Send_Byte)
    i.SysTick_Handler                        0x08001650   Section        0  gd32f4xx_it.o(i.SysTick_Handler)
    i.SystemInit                             0x0800167c   Section        0  system_gd32f4xx.o(i.SystemInit)
    i.USART0_Config                          0x08001804   Section        0  usart.o(i.USART0_Config)
    i.USART0_IRQHandler                      0x080018a4   Section        0  gd32f4xx_it.o(i.USART0_IRQHandler)
    i.UTC_to_RTC                             0x080018ec   Section        0  rtc.o(i.UTC_to_RTC)
    i.UsageFault_Handler                     0x08001a9c   Section        0  gd32f4xx_it.o(i.UsageFault_Handler)
    i.__0printf                              0x08001aa0   Section        0  printfa.o(i.__0printf)
    i.__scatterload_copy                     0x08001ac0   Section       14  handlers.o(i.__scatterload_copy)
    i.__scatterload_null                     0x08001ace   Section        2  handlers.o(i.__scatterload_null)
    i.__scatterload_zeroinit                 0x08001ad0   Section       14  handlers.o(i.__scatterload_zeroinit)
    i._fp_digits                             0x08001ae0   Section        0  printfa.o(i._fp_digits)
    _fp_digits                               0x08001ae1   Thumb Code   366  printfa.o(i._fp_digits)
    i._printf_core                           0x08001c64   Section        0  printfa.o(i._printf_core)
    _printf_core                             0x08001c65   Thumb Code  1744  printfa.o(i._printf_core)
    i._printf_post_padding                   0x08002340   Section        0  printfa.o(i._printf_post_padding)
    _printf_post_padding                     0x08002341   Thumb Code    36  printfa.o(i._printf_post_padding)
    i._printf_pre_padding                    0x08002364   Section        0  printfa.o(i._printf_pre_padding)
    _printf_pre_padding                      0x08002365   Thumb Code    46  printfa.o(i._printf_pre_padding)
    i._soft_delay_                           0x08002392   Section        0  system_gd32f4xx.o(i._soft_delay_)
    _soft_delay_                             0x08002393   Thumb Code    28  system_gd32f4xx.o(i._soft_delay_)
    i.adc_calibration_enable                 0x080023ae   Section        0  gd32f4xx_adc.o(i.adc_calibration_enable)
    i.adc_channel_length_config              0x080023d8   Section        0  gd32f4xx_adc.o(i.adc_channel_length_config)
    i.adc_clock_config                       0x0800242c   Section        0  gd32f4xx_adc.o(i.adc_clock_config)
    i.adc_data_alignment_config              0x08002450   Section        0  gd32f4xx_adc.o(i.adc_data_alignment_config)
    i.adc_deinit                             0x08002466   Section        0  gd32f4xx_adc.o(i.adc_deinit)
    i.adc_enable                             0x0800247a   Section        0  gd32f4xx_adc.o(i.adc_enable)
    i.adc_external_trigger_config            0x0800248c   Section        0  gd32f4xx_adc.o(i.adc_external_trigger_config)
    i.adc_flag_get                           0x080024c0   Section        0  gd32f4xx_adc.o(i.adc_flag_get)
    i.adc_routine_channel_config             0x080024ce   Section        0  gd32f4xx_adc.o(i.adc_routine_channel_config)
    i.adc_routine_data_read                  0x0800257a   Section        0  gd32f4xx_adc.o(i.adc_routine_data_read)
    i.adc_software_trigger_enable            0x08002582   Section        0  gd32f4xx_adc.o(i.adc_software_trigger_enable)
    i.adc_special_function_config            0x080025a6   Section        0  gd32f4xx_adc.o(i.adc_special_function_config)
    i.dac_data_set                           0x08002600   Section        0  gd32f4xx_dac.o(i.dac_data_set)
    i.dac_deinit                             0x08002640   Section        0  gd32f4xx_dac.o(i.dac_deinit)
    i.dac_enable                             0x08002668   Section        0  gd32f4xx_dac.o(i.dac_enable)
    i.dac_output_buffer_disable              0x08002682   Section        0  gd32f4xx_dac.o(i.dac_output_buffer_disable)
    i.dac_trigger_disable                    0x0800269c   Section        0  gd32f4xx_dac.o(i.dac_trigger_disable)
    i.dac_wave_mode_config                   0x080026b6   Section        0  gd32f4xx_dac.o(i.dac_wave_mode_config)
    i.deinit_GFF                             0x080026e0   Section        0  parsing.o(i.deinit_GFF)
    i.delay_1ms                              0x08002714   Section        0  systick.o(i.delay_1ms)
    i.delay_decrement                        0x08002728   Section        0  systick.o(i.delay_decrement)
    i.execute_Command_word                   0x08002740   Section        0  function.o(i.execute_Command_word)
    i.fmc_byte_program                       0x08002e40   Section        0  gd32f4xx_fmc.o(i.fmc_byte_program)
    i.fmc_halfword_program                   0x08002e90   Section        0  gd32f4xx_fmc.o(i.fmc_halfword_program)
    i.fmc_lock                               0x08002ee4   Section        0  gd32f4xx_fmc.o(i.fmc_lock)
    i.fmc_page_erase                         0x08002ef8   Section        0  gd32f4xx_fmc.o(i.fmc_page_erase)
    i.fmc_ready_wait                         0x08002f74   Section        0  gd32f4xx_fmc.o(i.fmc_ready_wait)
    i.fmc_state_get                          0x08002f94   Section        0  gd32f4xx_fmc.o(i.fmc_state_get)
    i.fmc_unlock                             0x08002fe0   Section        0  gd32f4xx_fmc.o(i.fmc_unlock)
    i.fmc_word_program                       0x08003004   Section        0  gd32f4xx_fmc.o(i.fmc_word_program)
    i.fputc                                  0x08003058   Section        0  usart.o(i.fputc)
    i.gpio_af_set                            0x0800307c   Section        0  gd32f4xx_gpio.o(i.gpio_af_set)
    i.gpio_bit_reset                         0x080030da   Section        0  gd32f4xx_gpio.o(i.gpio_bit_reset)
    i.gpio_bit_set                           0x080030de   Section        0  gd32f4xx_gpio.o(i.gpio_bit_set)
    i.gpio_input_bit_get                     0x080030e2   Section        0  gd32f4xx_gpio.o(i.gpio_input_bit_get)
    i.gpio_mode_set                          0x080030f4   Section        0  gd32f4xx_gpio.o(i.gpio_mode_set)
    i.gpio_output_options_set                0x08003142   Section        0  gd32f4xx_gpio.o(i.gpio_output_options_set)
    i.isOLED                                 0x08003184   Section        0  oled.o(i.isOLED)
    i.main                                   0x080031a4   Section        0  main.o(i.main)
    i.nvic_config                            0x0800330c   Section        0  main.o(i.nvic_config)
    i.nvic_irq_enable                        0x08003318   Section        0  gd32f4xx_misc.o(i.nvic_irq_enable)
    i.nvic_priority_group_set                0x08003420   Section        0  gd32f4xx_misc.o(i.nvic_priority_group_set)
    i.nvic_vector_table_set                  0x08003434   Section        0  gd32f4xx_misc.o(i.nvic_vector_table_set)
    i.pmu_backup_write_enable                0x0800344c   Section        0  gd32f4xx_pmu.o(i.pmu_backup_write_enable)
    i.rcu_all_reset_flag_clear               0x08003460   Section        0  gd32f4xx_rcu.o(i.rcu_all_reset_flag_clear)
    i.rcu_clock_freq_get                     0x08003474   Section        0  gd32f4xx_rcu.o(i.rcu_clock_freq_get)
    i.rcu_flag_get                           0x08003598   Section        0  gd32f4xx_rcu.o(i.rcu_flag_get)
    i.rcu_osci_on                            0x080035c0   Section        0  gd32f4xx_rcu.o(i.rcu_osci_on)
    i.rcu_osci_stab_wait                     0x080035e4   Section        0  gd32f4xx_rcu.o(i.rcu_osci_stab_wait)
    i.rcu_periph_clock_enable                0x08003740   Section        0  gd32f4xx_rcu.o(i.rcu_periph_clock_enable)
    i.rcu_periph_reset_disable               0x08003764   Section        0  gd32f4xx_rcu.o(i.rcu_periph_reset_disable)
    i.rcu_periph_reset_enable                0x08003788   Section        0  gd32f4xx_rcu.o(i.rcu_periph_reset_enable)
    i.rcu_rtc_clock_config                   0x080037ac   Section        0  gd32f4xx_rcu.o(i.rcu_rtc_clock_config)
    i.rtc_current_time_get                   0x080037c4   Section        0  gd32f4xx_rtc.o(i.rtc_current_time_get)
    i.rtc_init                               0x08003828   Section        0  gd32f4xx_rtc.o(i.rtc_init)
    i.rtc_init_mode_enter                    0x080038ec   Section        0  gd32f4xx_rtc.o(i.rtc_init_mode_enter)
    i.rtc_init_mode_exit                     0x08003934   Section        0  gd32f4xx_rtc.o(i.rtc_init_mode_exit)
    i.rtc_pre_config                         0x08003948   Section        0  rtc.o(i.rtc_pre_config)
    i.rtc_register_sync_wait                 0x08003988   Section        0  gd32f4xx_rtc.o(i.rtc_register_sync_wait)
    i.rtc_setup                              0x080039e8   Section        0  rtc.o(i.rtc_setup)
    i.rtc_show_time                          0x08003aac   Section        0  rtc.o(i.rtc_show_time)
    i.system_clock_240m_25m_hxtal            0x08003b0c   Section        0  system_gd32f4xx.o(i.system_clock_240m_25m_hxtal)
    system_clock_240m_25m_hxtal              0x08003b0d   Thumb Code   258  system_gd32f4xx.o(i.system_clock_240m_25m_hxtal)
    i.system_clock_config                    0x08003c1c   Section        0  system_gd32f4xx.o(i.system_clock_config)
    system_clock_config                      0x08003c1d   Thumb Code     8  system_gd32f4xx.o(i.system_clock_config)
    i.systick_config                         0x08003c24   Section        0  systick.o(i.systick_config)
    i.usart_baudrate_set                     0x08003c74   Section        0  gd32f4xx_usart.o(i.usart_baudrate_set)
    i.usart_data_receive                     0x08003d5c   Section        0  gd32f4xx_usart.o(i.usart_data_receive)
    i.usart_data_transmit                    0x08003d66   Section        0  gd32f4xx_usart.o(i.usart_data_transmit)
    i.usart_deinit                           0x08003d70   Section        0  gd32f4xx_usart.o(i.usart_deinit)
    i.usart_enable                           0x08003e4c   Section        0  gd32f4xx_usart.o(i.usart_enable)
    i.usart_flag_get                         0x08003e56   Section        0  gd32f4xx_usart.o(i.usart_flag_get)
    i.usart_interrupt_enable                 0x08003e76   Section        0  gd32f4xx_usart.o(i.usart_interrupt_enable)
    i.usart_interrupt_flag_clear             0x08003e90   Section        0  gd32f4xx_usart.o(i.usart_interrupt_flag_clear)
    i.usart_interrupt_flag_get               0x08003eaa   Section        0  gd32f4xx_usart.o(i.usart_interrupt_flag_get)
    i.usart_receive_config                   0x08003ee4   Section        0  gd32f4xx_usart.o(i.usart_receive_config)
    i.usart_transmit_config                  0x08003ef4   Section        0  gd32f4xx_usart.o(i.usart_transmit_config)
    .constdata                               0x08003f04   Section     8152  oled.o(.constdata)
    .constdata                               0x08005edc   Section       24  rtc.o(.constdata)
    days_month                               0x08005edc   Data          12  rtc.o(.constdata)
    days_month                               0x08005ee8   Data          12  rtc.o(.constdata)
    .data                                    0x20000000   Section       20  main.o(.data)
    .data                                    0x20000014   Section        4  systick.o(.data)
    delay                                    0x20000014   Data           4  systick.o(.data)
    .data                                    0x20000018   Section        4  gd32f4xx_it.o(.data)
    count                                    0x20000018   Data           4  gd32f4xx_it.o(.data)
    .data                                    0x2000001c   Section       16  function.o(.data)
    .data                                    0x2000002c   Section       14  rtc.o(.data)
    .data                                    0x2000003c   Section        4  led.o(.data)
    state                                    0x2000003c   Data           4  led.o(.data)
    .data                                    0x20000040   Section       10  usart.o(.data)
    idx                                      0x20000048   Data           2  usart.o(.data)
    .data                                    0x2000004a   Section        5  parsing.o(.data)
    .data                                    0x2000004f   Section        2  response.o(.data)
    .data                                    0x20000054   Section        4  system_gd32f4xx.o(.data)
    .data                                    0x20000058   Section        4  stdout.o(.data)
    .bss                                     0x2000005c   Section       28  main.o(.bss)
    .bss                                     0x20000078   Section      576  oled.o(.bss)
    .bss                                     0x200002b8   Section       36  rtc.o(.bss)
    .bss                                     0x200002dc   Section      384  usart.o(.bss)
    line_buf                                 0x200003dc   Data         128  usart.o(.bss)
    .bss                                     0x2000045c   Section      304  parsing.o(.bss)
    .bss                                     0x2000058c   Section      304  response.o(.bss)
    STACK                                    0x200006c0   Section     1024  startup_gd32f450_470.o(STACK)

    Global Symbols

    Symbol Name                              Value     Ov Type        Size  Object(Section)

    BuildAttributes$$THM_ISAv4$E$P$D$K$B$S$7EM$VFPi3$EXTD16$VFPS$VFMA$PE$A:L22UL41UL21$X:L11$S22US41US21$IEEE1$IW$USESV6$~STKCKD$USESV7$~SHL$OSPACE$ROPI$EBA8$MICROLIB$REQ8$PRES8$EABIv2 0x00000000   Number         0  anon$$obj.o ABSOLUTE
    __ARM_use_no_argv                        0x00000000   Number         0  main.o ABSOLUTE
    _printf_a                                0x00000000   Number         0  stubs.o ABSOLUTE
    _printf_c                                0x00000000   Number         0  stubs.o ABSOLUTE
    _printf_charcount                        0x00000000   Number         0  stubs.o ABSOLUTE
    _printf_d                                0x00000000   Number         0  stubs.o ABSOLUTE
    _printf_e                                0x00000000   Number         0  stubs.o ABSOLUTE
    _printf_f                                0x00000000   Number         0  stubs.o ABSOLUTE
    _printf_flags                            0x00000000   Number         0  stubs.o ABSOLUTE
    _printf_fp_dec                           0x00000000   Number         0  stubs.o ABSOLUTE
    _printf_fp_hex                           0x00000000   Number         0  stubs.o ABSOLUTE
    _printf_g                                0x00000000   Number         0  stubs.o ABSOLUTE
    _printf_i                                0x00000000   Number         0  stubs.o ABSOLUTE
    _printf_int_dec                          0x00000000   Number         0  stubs.o ABSOLUTE
    _printf_l                                0x00000000   Number         0  stubs.o ABSOLUTE
    _printf_lc                               0x00000000   Number         0  stubs.o ABSOLUTE
    _printf_ll                               0x00000000   Number         0  stubs.o ABSOLUTE
    _printf_lld                              0x00000000   Number         0  stubs.o ABSOLUTE
    _printf_lli                              0x00000000   Number         0  stubs.o ABSOLUTE
    _printf_llo                              0x00000000   Number         0  stubs.o ABSOLUTE
    _printf_llu                              0x00000000   Number         0  stubs.o ABSOLUTE
    _printf_llx                              0x00000000   Number         0  stubs.o ABSOLUTE
    _printf_longlong_dec                     0x00000000   Number         0  stubs.o ABSOLUTE
    _printf_longlong_hex                     0x00000000   Number         0  stubs.o ABSOLUTE
    _printf_longlong_oct                     0x00000000   Number         0  stubs.o ABSOLUTE
    _printf_ls                               0x00000000   Number         0  stubs.o ABSOLUTE
    _printf_mbtowc                           0x00000000   Number         0  stubs.o ABSOLUTE
    _printf_n                                0x00000000   Number         0  stubs.o ABSOLUTE
    _printf_o                                0x00000000   Number         0  stubs.o ABSOLUTE
    _printf_p                                0x00000000   Number         0  stubs.o ABSOLUTE
    _printf_percent                          0x00000000   Number         0  stubs.o ABSOLUTE
    _printf_pre_padding                      0x00000000   Number         0  stubs.o ABSOLUTE
    _printf_return_value                     0x00000000   Number         0  stubs.o ABSOLUTE
    _printf_s                                0x00000000   Number         0  stubs.o ABSOLUTE
    _printf_sizespec                         0x00000000   Number         0  stubs.o ABSOLUTE
    _printf_str                              0x00000000   Number         0  stubs.o ABSOLUTE
    _printf_truncate_signed                  0x00000000   Number         0  stubs.o ABSOLUTE
    _printf_truncate_unsigned                0x00000000   Number         0  stubs.o ABSOLUTE
    _printf_u                                0x00000000   Number         0  stubs.o ABSOLUTE
    _printf_wc                               0x00000000   Number         0  stubs.o ABSOLUTE
    _printf_wctomb                           0x00000000   Number         0  stubs.o ABSOLUTE
    _printf_widthprec                        0x00000000   Number         0  stubs.o ABSOLUTE
    _printf_x                                0x00000000   Number         0  stubs.o ABSOLUTE
    __cpp_initialize__aeabi_                  - Undefined Weak Reference
    __cxa_finalize                            - Undefined Weak Reference
    __decompress                              - Undefined Weak Reference
    _clock_init                               - Undefined Weak Reference
    _microlib_exit                            - Undefined Weak Reference
    __Vectors_Size                           0x000001ac   Number         0  startup_gd32f450_470.o ABSOLUTE
    __Vectors                                0x08000000   Data           4  startup_gd32f450_470.o(RESET)
    __Vectors_End                            0x080001ac   Data           0  startup_gd32f450_470.o(RESET)
    __main                                   0x080001ad   Thumb Code     0  entry.o(.ARM.Collect$$$$00000000)
    _main_stk                                0x080001ad   Thumb Code     0  entry2.o(.ARM.Collect$$$$00000001)
    _main_scatterload                        0x080001b1   Thumb Code     0  entry5.o(.ARM.Collect$$$$00000004)
    __main_after_scatterload                 0x080001b5   Thumb Code     0  entry5.o(.ARM.Collect$$$$00000004)
    _main_clock                              0x080001b5   Thumb Code     0  entry7b.o(.ARM.Collect$$$$00000008)
    _main_cpp_init                           0x080001b5   Thumb Code     0  entry8b.o(.ARM.Collect$$$$0000000A)
    _main_init                               0x080001b5   Thumb Code     0  entry9a.o(.ARM.Collect$$$$0000000B)
    __rt_final_cpp                           0x080001bd   Thumb Code     0  entry10a.o(.ARM.Collect$$$$0000000D)
    __rt_final_exit                          0x080001bd   Thumb Code     0  entry11a.o(.ARM.Collect$$$$0000000F)
    Reset_Handler                            0x080001c1   Thumb Code     8  startup_gd32f450_470.o(.text)
    ADC_IRQHandler                           0x080001db   Thumb Code     0  startup_gd32f450_470.o(.text)
    CAN0_EWMC_IRQHandler                     0x080001db   Thumb Code     0  startup_gd32f450_470.o(.text)
    CAN0_RX0_IRQHandler                      0x080001db   Thumb Code     0  startup_gd32f450_470.o(.text)
    CAN0_RX1_IRQHandler                      0x080001db   Thumb Code     0  startup_gd32f450_470.o(.text)
    CAN0_TX_IRQHandler                       0x080001db   Thumb Code     0  startup_gd32f450_470.o(.text)
    CAN1_EWMC_IRQHandler                     0x080001db   Thumb Code     0  startup_gd32f450_470.o(.text)
    CAN1_RX0_IRQHandler                      0x080001db   Thumb Code     0  startup_gd32f450_470.o(.text)
    CAN1_RX1_IRQHandler                      0x080001db   Thumb Code     0  startup_gd32f450_470.o(.text)
    CAN1_TX_IRQHandler                       0x080001db   Thumb Code     0  startup_gd32f450_470.o(.text)
    DCI_IRQHandler                           0x080001db   Thumb Code     0  startup_gd32f450_470.o(.text)
    DMA0_Channel0_IRQHandler                 0x080001db   Thumb Code     0  startup_gd32f450_470.o(.text)
    DMA0_Channel1_IRQHandler                 0x080001db   Thumb Code     0  startup_gd32f450_470.o(.text)
    DMA0_Channel2_IRQHandler                 0x080001db   Thumb Code     0  startup_gd32f450_470.o(.text)
    DMA0_Channel3_IRQHandler                 0x080001db   Thumb Code     0  startup_gd32f450_470.o(.text)
    DMA0_Channel4_IRQHandler                 0x080001db   Thumb Code     0  startup_gd32f450_470.o(.text)
    DMA0_Channel5_IRQHandler                 0x080001db   Thumb Code     0  startup_gd32f450_470.o(.text)
    DMA0_Channel6_IRQHandler                 0x080001db   Thumb Code     0  startup_gd32f450_470.o(.text)
    DMA0_Channel7_IRQHandler                 0x080001db   Thumb Code     0  startup_gd32f450_470.o(.text)
    DMA1_Channel0_IRQHandler                 0x080001db   Thumb Code     0  startup_gd32f450_470.o(.text)
    DMA1_Channel1_IRQHandler                 0x080001db   Thumb Code     0  startup_gd32f450_470.o(.text)
    DMA1_Channel2_IRQHandler                 0x080001db   Thumb Code     0  startup_gd32f450_470.o(.text)
    DMA1_Channel3_IRQHandler                 0x080001db   Thumb Code     0  startup_gd32f450_470.o(.text)
    DMA1_Channel4_IRQHandler                 0x080001db   Thumb Code     0  startup_gd32f450_470.o(.text)
    DMA1_Channel5_IRQHandler                 0x080001db   Thumb Code     0  startup_gd32f450_470.o(.text)
    DMA1_Channel6_IRQHandler                 0x080001db   Thumb Code     0  startup_gd32f450_470.o(.text)
    DMA1_Channel7_IRQHandler                 0x080001db   Thumb Code     0  startup_gd32f450_470.o(.text)
    ENET_IRQHandler                          0x080001db   Thumb Code     0  startup_gd32f450_470.o(.text)
    ENET_WKUP_IRQHandler                     0x080001db   Thumb Code     0  startup_gd32f450_470.o(.text)
    EXMC_IRQHandler                          0x080001db   Thumb Code     0  startup_gd32f450_470.o(.text)
    EXTI0_IRQHandler                         0x080001db   Thumb Code     0  startup_gd32f450_470.o(.text)
    EXTI10_15_IRQHandler                     0x080001db   Thumb Code     0  startup_gd32f450_470.o(.text)
    EXTI1_IRQHandler                         0x080001db   Thumb Code     0  startup_gd32f450_470.o(.text)
    EXTI2_IRQHandler                         0x080001db   Thumb Code     0  startup_gd32f450_470.o(.text)
    EXTI3_IRQHandler                         0x080001db   Thumb Code     0  startup_gd32f450_470.o(.text)
    EXTI4_IRQHandler                         0x080001db   Thumb Code     0  startup_gd32f450_470.o(.text)
    EXTI5_9_IRQHandler                       0x080001db   Thumb Code     0  startup_gd32f450_470.o(.text)
    FMC_IRQHandler                           0x080001db   Thumb Code     0  startup_gd32f450_470.o(.text)
    FPU_IRQHandler                           0x080001db   Thumb Code     0  startup_gd32f450_470.o(.text)
    I2C0_ER_IRQHandler                       0x080001db   Thumb Code     0  startup_gd32f450_470.o(.text)
    I2C0_EV_IRQHandler                       0x080001db   Thumb Code     0  startup_gd32f450_470.o(.text)
    I2C1_ER_IRQHandler                       0x080001db   Thumb Code     0  startup_gd32f450_470.o(.text)
    I2C1_EV_IRQHandler                       0x080001db   Thumb Code     0  startup_gd32f450_470.o(.text)
    I2C2_ER_IRQHandler                       0x080001db   Thumb Code     0  startup_gd32f450_470.o(.text)
    I2C2_EV_IRQHandler                       0x080001db   Thumb Code     0  startup_gd32f450_470.o(.text)
    IPA_IRQHandler                           0x080001db   Thumb Code     0  startup_gd32f450_470.o(.text)
    LVD_IRQHandler                           0x080001db   Thumb Code     0  startup_gd32f450_470.o(.text)
    RCU_CTC_IRQHandler                       0x080001db   Thumb Code     0  startup_gd32f450_470.o(.text)
    RTC_Alarm_IRQHandler                     0x080001db   Thumb Code     0  startup_gd32f450_470.o(.text)
    RTC_WKUP_IRQHandler                      0x080001db   Thumb Code     0  startup_gd32f450_470.o(.text)
    SPI0_IRQHandler                          0x080001db   Thumb Code     0  startup_gd32f450_470.o(.text)
    SPI1_IRQHandler                          0x080001db   Thumb Code     0  startup_gd32f450_470.o(.text)
    SPI2_IRQHandler                          0x080001db   Thumb Code     0  startup_gd32f450_470.o(.text)
    SPI3_IRQHandler                          0x080001db   Thumb Code     0  startup_gd32f450_470.o(.text)
    SPI4_IRQHandler                          0x080001db   Thumb Code     0  startup_gd32f450_470.o(.text)
    SPI5_IRQHandler                          0x080001db   Thumb Code     0  startup_gd32f450_470.o(.text)
    TAMPER_STAMP_IRQHandler                  0x080001db   Thumb Code     0  startup_gd32f450_470.o(.text)
    TIMER0_BRK_TIMER8_IRQHandler             0x080001db   Thumb Code     0  startup_gd32f450_470.o(.text)
    TIMER0_Channel_IRQHandler                0x080001db   Thumb Code     0  startup_gd32f450_470.o(.text)
    TIMER0_TRG_CMT_TIMER10_IRQHandler        0x080001db   Thumb Code     0  startup_gd32f450_470.o(.text)
    TIMER0_UP_TIMER9_IRQHandler              0x080001db   Thumb Code     0  startup_gd32f450_470.o(.text)
    TIMER1_IRQHandler                        0x080001db   Thumb Code     0  startup_gd32f450_470.o(.text)
    TIMER2_IRQHandler                        0x080001db   Thumb Code     0  startup_gd32f450_470.o(.text)
    TIMER3_IRQHandler                        0x080001db   Thumb Code     0  startup_gd32f450_470.o(.text)
    TIMER4_IRQHandler                        0x080001db   Thumb Code     0  startup_gd32f450_470.o(.text)
    TIMER5_DAC_IRQHandler                    0x080001db   Thumb Code     0  startup_gd32f450_470.o(.text)
    TIMER6_IRQHandler                        0x080001db   Thumb Code     0  startup_gd32f450_470.o(.text)
    TIMER7_BRK_TIMER11_IRQHandler            0x080001db   Thumb Code     0  startup_gd32f450_470.o(.text)
    TIMER7_Channel_IRQHandler                0x080001db   Thumb Code     0  startup_gd32f450_470.o(.text)
    TIMER7_TRG_CMT_TIMER13_IRQHandler        0x080001db   Thumb Code     0  startup_gd32f450_470.o(.text)
    TIMER7_UP_TIMER12_IRQHandler             0x080001db   Thumb Code     0  startup_gd32f450_470.o(.text)
    TLI_ER_IRQHandler                        0x080001db   Thumb Code     0  startup_gd32f450_470.o(.text)
    TLI_IRQHandler                           0x080001db   Thumb Code     0  startup_gd32f450_470.o(.text)
    TRNG_IRQHandler                          0x080001db   Thumb Code     0  startup_gd32f450_470.o(.text)
    UART3_IRQHandler                         0x080001db   Thumb Code     0  startup_gd32f450_470.o(.text)
    UART4_IRQHandler                         0x080001db   Thumb Code     0  startup_gd32f450_470.o(.text)
    UART6_IRQHandler                         0x080001db   Thumb Code     0  startup_gd32f450_470.o(.text)
    UART7_IRQHandler                         0x080001db   Thumb Code     0  startup_gd32f450_470.o(.text)
    USART1_IRQHandler                        0x080001db   Thumb Code     0  startup_gd32f450_470.o(.text)
    USART2_IRQHandler                        0x080001db   Thumb Code     0  startup_gd32f450_470.o(.text)
    USART5_IRQHandler                        0x080001db   Thumb Code     0  startup_gd32f450_470.o(.text)
    USBFS_IRQHandler                         0x080001db   Thumb Code     0  startup_gd32f450_470.o(.text)
    USBFS_WKUP_IRQHandler                    0x080001db   Thumb Code     0  startup_gd32f450_470.o(.text)
    USBHS_EP1_In_IRQHandler                  0x080001db   Thumb Code     0  startup_gd32f450_470.o(.text)
    USBHS_EP1_Out_IRQHandler                 0x080001db   Thumb Code     0  startup_gd32f450_470.o(.text)
    USBHS_IRQHandler                         0x080001db   Thumb Code     0  startup_gd32f450_470.o(.text)
    USBHS_WKUP_IRQHandler                    0x080001db   Thumb Code     0  startup_gd32f450_470.o(.text)
    WWDGT_IRQHandler                         0x080001db   Thumb Code     0  startup_gd32f450_470.o(.text)
    __aeabi_memset                           0x080001e5   Thumb Code    14  memseta.o(.text)
    __aeabi_memset4                          0x080001e5   Thumb Code     0  memseta.o(.text)
    __aeabi_memset8                          0x080001e5   Thumb Code     0  memseta.o(.text)
    __aeabi_memclr                           0x080001f3   Thumb Code     4  memseta.o(.text)
    __aeabi_memclr4                          0x080001f3   Thumb Code     0  memseta.o(.text)
    __aeabi_memclr8                          0x080001f3   Thumb Code     0  memseta.o(.text)
    _memset$wrapper                          0x080001f7   Thumb Code    18  memseta.o(.text)
    __aeabi_f2d                              0x08000209   Thumb Code    38  f2d.o(.text)
    __aeabi_uidiv                            0x0800022f   Thumb Code     0  uidiv.o(.text)
    __aeabi_uidivmod                         0x0800022f   Thumb Code    44  uidiv.o(.text)
    __aeabi_uldivmod                         0x0800025b   Thumb Code    98  uldiv.o(.text)
    __I$use$fp                               0x080002bd   Thumb Code     0  iusefp.o(.text)
    __aeabi_dadd                             0x080002bd   Thumb Code   322  dadd.o(.text)
    __aeabi_dsub                             0x080003ff   Thumb Code     6  dadd.o(.text)
    __aeabi_drsub                            0x08000405   Thumb Code     6  dadd.o(.text)
    __aeabi_dmul                             0x0800040b   Thumb Code   228  dmul.o(.text)
    __aeabi_ddiv                             0x080004ef   Thumb Code   222  ddiv.o(.text)
    __aeabi_d2ulz                            0x080005cd   Thumb Code    48  dfixul.o(.text)
    __aeabi_cdrcmple                         0x080005fd   Thumb Code    48  cdrcmple.o(.text)
    __scatterload                            0x0800062d   Thumb Code    28  init.o(.text)
    __scatterload_rt2                        0x0800062d   Thumb Code     0  init.o(.text)
    __aeabi_llsl                             0x08000651   Thumb Code    30  llshl.o(.text)
    _ll_shift_l                              0x08000651   Thumb Code     0  llshl.o(.text)
    __aeabi_llsr                             0x0800066f   Thumb Code    32  llushr.o(.text)
    _ll_ushift_r                             0x0800066f   Thumb Code     0  llushr.o(.text)
    __aeabi_lasr                             0x0800068f   Thumb Code    36  llsshr.o(.text)
    _ll_sshift_r                             0x0800068f   Thumb Code     0  llsshr.o(.text)
    _double_round                            0x080006b3   Thumb Code    30  depilogue.o(.text)
    _double_epilogue                         0x080006d1   Thumb Code   156  depilogue.o(.text)
    ADC_Get_CH0_Voltage                      0x0800076d   Thumb Code    44  function.o(i.ADC_Get_CH0_Voltage)
    ADC_Init                                 0x0800079d   Thumb Code   124  adc.o(i.ADC_Init)
    ADC_Read_CH0                             0x08000821   Thumb Code    48  function.o(i.ADC_Read_CH0)
    ADC_Read_CH1                             0x08000855   Thumb Code    48  function.o(i.ADC_Read_CH1)
    ADC_Set_CH0_Ratio                        0x08000889   Thumb Code    32  function.o(i.ADC_Set_CH0_Ratio)
    ADC_Set_CH1_Ratio                        0x080008b1   Thumb Code    32  function.o(i.ADC_Set_CH1_Ratio)
    ADC_port_init                            0x080008d9   Thumb Code    44  adc.o(i.ADC_port_init)
    ASCIItoHex                               0x08000909   Thumb Code   102  parsing.o(i.ASCIItoHex)
    BusFault_Handler                         0x0800096f   Thumb Code     4  gd32f4xx_it.o(i.BusFault_Handler)
    Bytes_To_Float_BigEndian                 0x08000973   Thumb Code    26  function.o(i.Bytes_To_Float_BigEndian)
    CRC16_transform                          0x0800098d   Thumb Code    58  crc.o(i.CRC16_transform)
    DAC_Init                                 0x080009c9   Thumb Code    86  dac.o(i.DAC_Init)
    DAC_Set_Output                           0x08000a29   Thumb Code    34  dac.o(i.DAC_Set_Output)
    DebugMon_Handler                         0x08000a51   Thumb Code     2  gd32f4xx_it.o(i.DebugMon_Handler)
    Float_To_Bytes_BigEndian                 0x08000a53   Thumb Code    26  function.o(i.Float_To_Bytes_BigEndian)
    Frame_analysis                           0x08000a6d   Thumb Code   406  parsing.o(i.Frame_analysis)
    Frame_assembly                           0x08000c25   Thumb Code   232  response.o(i.Frame_assembly)
    HardFault_Handler                        0x08000d21   Thumb Code     4  gd32f4xx_it.o(i.HardFault_Handler)
    I2C_Start                                0x08000d25   Thumb Code    84  oled.o(i.I2C_Start)
    I2C_Stop                                 0x08000d7d   Thumb Code    66  oled.o(i.I2C_Stop)
    I2C_WaitAck                              0x08000dc5   Thumb Code   116  oled.o(i.I2C_WaitAck)
    IIC_delay                                0x08000e3d   Thumb Code    16  oled.o(i.IIC_delay)
    LED_init                                 0x08000e4d   Thumb Code    76  led.o(i.LED_init)
    LED_overturn                             0x08000e9d   Thumb Code    40  led.o(i.LED_overturn)
    MemManage_Handler                        0x08000ecd   Thumb Code     4  gd32f4xx_it.o(i.MemManage_Handler)
    NMI_Handler                              0x08000ed1   Thumb Code     2  gd32f4xx_it.o(i.NMI_Handler)
    OLED_Clear                               0x08000efd   Thumb Code    42  oled.o(i.OLED_Clear)
    OLED_ClearPoint                          0x08000f2d   Thumb Code    90  oled.o(i.OLED_ClearPoint)
    OLED_DrawPoint                           0x08000f8d   Thumb Code    54  oled.o(i.OLED_DrawPoint)
    OLED_Init                                0x08000fc9   Thumb Code   324  oled.o(i.OLED_Init)
    OLED_Refresh                             0x08001111   Thumb Code    70  oled.o(i.OLED_Refresh)
    OLED_ShowChar                            0x0800115d   Thumb Code   240  oled.o(i.OLED_ShowChar)
    OLED_ShowString                          0x08001259   Thumb Code    66  oled.o(i.OLED_ShowString)
    OLED_WR_Byte                             0x0800129b   Thumb Code    56  oled.o(i.OLED_WR_Byte)
    PendSV_Handler                           0x080012d3   Thumb Code     2  gd32f4xx_it.o(i.PendSV_Handler)
    RTC_Init                                 0x080012d5   Thumb Code    86  rtc.o(i.RTC_Init)
    RTC_to_UTC                               0x08001359   Thumb Code   364  rtc.o(i.RTC_to_UTC)
    Read_Parameter                           0x080014d1   Thumb Code    88  main.o(i.Read_Parameter)
    SDIO_IRQHandler                          0x08001531   Thumb Code     2  gd32f4xx_it.o(i.SDIO_IRQHandler)
    SVC_Handler                              0x08001533   Thumb Code     2  gd32f4xx_it.o(i.SVC_Handler)
    Save_Parameter                           0x08001535   Thumb Code   184  main.o(i.Save_Parameter)
    Send_Byte                                0x080015f5   Thumb Code    88  oled.o(i.Send_Byte)
    SysTick_Handler                          0x08001651   Thumb Code    40  gd32f4xx_it.o(i.SysTick_Handler)
    SystemInit                               0x0800167d   Thumb Code   374  system_gd32f4xx.o(i.SystemInit)
    USART0_Config                            0x08001805   Thumb Code   146  usart.o(i.USART0_Config)
    USART0_IRQHandler                        0x080018a5   Thumb Code    54  gd32f4xx_it.o(i.USART0_IRQHandler)
    UTC_to_RTC                               0x080018ed   Thumb Code   420  rtc.o(i.UTC_to_RTC)
    UsageFault_Handler                       0x08001a9d   Thumb Code     4  gd32f4xx_it.o(i.UsageFault_Handler)
    __0printf                                0x08001aa1   Thumb Code    22  printfa.o(i.__0printf)
    __1printf                                0x08001aa1   Thumb Code     0  printfa.o(i.__0printf)
    __2printf                                0x08001aa1   Thumb Code     0  printfa.o(i.__0printf)
    __c89printf                              0x08001aa1   Thumb Code     0  printfa.o(i.__0printf)
    printf                                   0x08001aa1   Thumb Code     0  printfa.o(i.__0printf)
    __scatterload_copy                       0x08001ac1   Thumb Code    14  handlers.o(i.__scatterload_copy)
    __scatterload_null                       0x08001acf   Thumb Code     2  handlers.o(i.__scatterload_null)
    __scatterload_zeroinit                   0x08001ad1   Thumb Code    14  handlers.o(i.__scatterload_zeroinit)
    adc_calibration_enable                   0x080023af   Thumb Code    42  gd32f4xx_adc.o(i.adc_calibration_enable)
    adc_channel_length_config                0x080023d9   Thumb Code    82  gd32f4xx_adc.o(i.adc_channel_length_config)
    adc_clock_config                         0x0800242d   Thumb Code    28  gd32f4xx_adc.o(i.adc_clock_config)
    adc_data_alignment_config                0x08002451   Thumb Code    22  gd32f4xx_adc.o(i.adc_data_alignment_config)
    adc_deinit                               0x08002467   Thumb Code    20  gd32f4xx_adc.o(i.adc_deinit)
    adc_enable                               0x0800247b   Thumb Code    18  gd32f4xx_adc.o(i.adc_enable)
    adc_external_trigger_config              0x0800248d   Thumb Code    52  gd32f4xx_adc.o(i.adc_external_trigger_config)
    adc_flag_get                             0x080024c1   Thumb Code    14  gd32f4xx_adc.o(i.adc_flag_get)
    adc_routine_channel_config               0x080024cf   Thumb Code   172  gd32f4xx_adc.o(i.adc_routine_channel_config)
    adc_routine_data_read                    0x0800257b   Thumb Code     8  gd32f4xx_adc.o(i.adc_routine_data_read)
    adc_software_trigger_enable              0x08002583   Thumb Code    36  gd32f4xx_adc.o(i.adc_software_trigger_enable)
    adc_special_function_config              0x080025a7   Thumb Code    90  gd32f4xx_adc.o(i.adc_special_function_config)
    dac_data_set                             0x08002601   Thumb Code    64  gd32f4xx_dac.o(i.dac_data_set)
    dac_deinit                               0x08002641   Thumb Code    34  gd32f4xx_dac.o(i.dac_deinit)
    dac_enable                               0x08002669   Thumb Code    26  gd32f4xx_dac.o(i.dac_enable)
    dac_output_buffer_disable                0x08002683   Thumb Code    26  gd32f4xx_dac.o(i.dac_output_buffer_disable)
    dac_trigger_disable                      0x0800269d   Thumb Code    26  gd32f4xx_dac.o(i.dac_trigger_disable)
    dac_wave_mode_config                     0x080026b7   Thumb Code    40  gd32f4xx_dac.o(i.dac_wave_mode_config)
    deinit_GFF                               0x080026e1   Thumb Code    48  parsing.o(i.deinit_GFF)
    delay_1ms                                0x08002715   Thumb Code    16  systick.o(i.delay_1ms)
    delay_decrement                          0x08002729   Thumb Code    18  systick.o(i.delay_decrement)
    execute_Command_word                     0x08002741   Thumb Code  1742  function.o(i.execute_Command_word)
    fmc_byte_program                         0x08002e41   Thumb Code    76  gd32f4xx_fmc.o(i.fmc_byte_program)
    fmc_halfword_program                     0x08002e91   Thumb Code    80  gd32f4xx_fmc.o(i.fmc_halfword_program)
    fmc_lock                                 0x08002ee5   Thumb Code    14  gd32f4xx_fmc.o(i.fmc_lock)
    fmc_page_erase                           0x08002ef9   Thumb Code   114  gd32f4xx_fmc.o(i.fmc_page_erase)
    fmc_ready_wait                           0x08002f75   Thumb Code    32  gd32f4xx_fmc.o(i.fmc_ready_wait)
    fmc_state_get                            0x08002f95   Thumb Code    70  gd32f4xx_fmc.o(i.fmc_state_get)
    fmc_unlock                               0x08002fe1   Thumb Code    24  gd32f4xx_fmc.o(i.fmc_unlock)
    fmc_word_program                         0x08003005   Thumb Code    80  gd32f4xx_fmc.o(i.fmc_word_program)
    fputc                                    0x08003059   Thumb Code    32  usart.o(i.fputc)
    gpio_af_set                              0x0800307d   Thumb Code    94  gd32f4xx_gpio.o(i.gpio_af_set)
    gpio_bit_reset                           0x080030db   Thumb Code     4  gd32f4xx_gpio.o(i.gpio_bit_reset)
    gpio_bit_set                             0x080030df   Thumb Code     4  gd32f4xx_gpio.o(i.gpio_bit_set)
    gpio_input_bit_get                       0x080030e3   Thumb Code    18  gd32f4xx_gpio.o(i.gpio_input_bit_get)
    gpio_mode_set                            0x080030f5   Thumb Code    78  gd32f4xx_gpio.o(i.gpio_mode_set)
    gpio_output_options_set                  0x08003143   Thumb Code    66  gd32f4xx_gpio.o(i.gpio_output_options_set)
    isOLED                                   0x08003185   Thumb Code    20  oled.o(i.isOLED)
    main                                     0x080031a5   Thumb Code   284  main.o(i.main)
    nvic_config                              0x0800330d   Thumb Code    12  main.o(i.nvic_config)
    nvic_irq_enable                          0x08003319   Thumb Code   254  gd32f4xx_misc.o(i.nvic_irq_enable)
    nvic_priority_group_set                  0x08003421   Thumb Code    10  gd32f4xx_misc.o(i.nvic_priority_group_set)
    nvic_vector_table_set                    0x08003435   Thumb Code    16  gd32f4xx_misc.o(i.nvic_vector_table_set)
    pmu_backup_write_enable                  0x0800344d   Thumb Code    14  gd32f4xx_pmu.o(i.pmu_backup_write_enable)
    rcu_all_reset_flag_clear                 0x08003461   Thumb Code    14  gd32f4xx_rcu.o(i.rcu_all_reset_flag_clear)
    rcu_clock_freq_get                       0x08003475   Thumb Code   264  gd32f4xx_rcu.o(i.rcu_clock_freq_get)
    rcu_flag_get                             0x08003599   Thumb Code    36  gd32f4xx_rcu.o(i.rcu_flag_get)
    rcu_osci_on                              0x080035c1   Thumb Code    32  gd32f4xx_rcu.o(i.rcu_osci_on)
    rcu_osci_stab_wait                       0x080035e5   Thumb Code   342  gd32f4xx_rcu.o(i.rcu_osci_stab_wait)
    rcu_periph_clock_enable                  0x08003741   Thumb Code    32  gd32f4xx_rcu.o(i.rcu_periph_clock_enable)
    rcu_periph_reset_disable                 0x08003765   Thumb Code    32  gd32f4xx_rcu.o(i.rcu_periph_reset_disable)
    rcu_periph_reset_enable                  0x08003789   Thumb Code    32  gd32f4xx_rcu.o(i.rcu_periph_reset_enable)
    rcu_rtc_clock_config                     0x080037ad   Thumb Code    18  gd32f4xx_rcu.o(i.rcu_rtc_clock_config)
    rtc_current_time_get                     0x080037c5   Thumb Code    96  gd32f4xx_rtc.o(i.rtc_current_time_get)
    rtc_init                                 0x08003829   Thumb Code   190  gd32f4xx_rtc.o(i.rtc_init)
    rtc_init_mode_enter                      0x080038ed   Thumb Code    66  gd32f4xx_rtc.o(i.rtc_init_mode_enter)
    rtc_init_mode_exit                       0x08003935   Thumb Code    14  gd32f4xx_rtc.o(i.rtc_init_mode_exit)
    rtc_pre_config                           0x08003949   Thumb Code    54  rtc.o(i.rtc_pre_config)
    rtc_register_sync_wait                   0x08003989   Thumb Code    92  gd32f4xx_rtc.o(i.rtc_register_sync_wait)
    rtc_setup                                0x080039e9   Thumb Code    90  rtc.o(i.rtc_setup)
    rtc_show_time                            0x08003aad   Thumb Code    38  rtc.o(i.rtc_show_time)
    systick_config                           0x08003c25   Thumb Code    74  systick.o(i.systick_config)
    usart_baudrate_set                       0x08003c75   Thumb Code   224  gd32f4xx_usart.o(i.usart_baudrate_set)
    usart_data_receive                       0x08003d5d   Thumb Code    10  gd32f4xx_usart.o(i.usart_data_receive)
    usart_data_transmit                      0x08003d67   Thumb Code     8  gd32f4xx_usart.o(i.usart_data_transmit)
    usart_deinit                             0x08003d71   Thumb Code   210  gd32f4xx_usart.o(i.usart_deinit)
    usart_enable                             0x08003e4d   Thumb Code    10  gd32f4xx_usart.o(i.usart_enable)
    usart_flag_get                           0x08003e57   Thumb Code    32  gd32f4xx_usart.o(i.usart_flag_get)
    usart_interrupt_enable                   0x08003e77   Thumb Code    26  gd32f4xx_usart.o(i.usart_interrupt_enable)
    usart_interrupt_flag_clear               0x08003e91   Thumb Code    26  gd32f4xx_usart.o(i.usart_interrupt_flag_clear)
    usart_interrupt_flag_get                 0x08003eab   Thumb Code    58  gd32f4xx_usart.o(i.usart_interrupt_flag_get)
    usart_receive_config                     0x08003ee5   Thumb Code    16  gd32f4xx_usart.o(i.usart_receive_config)
    usart_transmit_config                    0x08003ef5   Thumb Code    16  gd32f4xx_usart.o(i.usart_transmit_config)
    F6x8                                     0x08003f04   Data         552  oled.o(.constdata)
    F8X16                                    0x0800412c   Data        1520  oled.o(.constdata)
    asc2_1206                                0x0800471c   Data        1140  oled.o(.constdata)
    asc2_1608                                0x08004b90   Data        1520  oled.o(.constdata)
    asc2_2412                                0x08005180   Data        3420  oled.o(.constdata)
    Region$$Table$$Base                      0x08005ef4   Number         0  anon$$obj.o(Region$$Table)
    Region$$Table$$Limit                     0x08005f14   Number         0  anon$$obj.o(Region$$Table)
    reboot                                   0x20000000   Data           1  main.o(.data)
    firmware_version1                        0x20000004   Data           4  main.o(.data)
    firmware_version2                        0x20000008   Data           4  main.o(.data)
    firmware_version3                        0x2000000c   Data           4  main.o(.data)
    firmware_version4                        0x20000010   Data           4  main.o(.data)
    g_ch0_ratio                              0x2000001c   Data           4  function.o(.data)
    g_ch1_ratio                              0x20000020   Data           4  function.o(.data)
    ch0_threshold                            0x20000024   Data           4  function.o(.data)
    ch1_threshold                            0x20000028   Data           4  function.o(.data)
    prescaler_a                              0x2000002c   Data           4  rtc.o(.data)
    prescaler_s                              0x20000030   Data           4  rtc.o(.data)
    RTCSRC_FLAG                              0x20000034   Data           4  rtc.o(.data)
    rtc_init_flag                            0x20000038   Data           2  rtc.o(.data)
    SET_Baud_rate                            0x20000040   Data           4  usart.o(.data)
    rx_head                                  0x20000044   Data           2  usart.o(.data)
    rx_tail                                  0x20000046   Data           2  usart.o(.data)
    frame_head                               0x2000004a   Data           2  parsing.o(.data)
    frame_tail                               0x2000004c   Data           2  parsing.o(.data)
    parsingStatus                            0x2000004e   Data           1  parsing.o(.data)
    response_status                          0x2000004f   Data           1  response.o(.data)
    frame_type                               0x20000050   Data           1  response.o(.data)
    SystemCoreClock                          0x20000054   Data           4  system_gd32f4xx.o(.data)
    __stdout                                 0x20000058   Data           4  stdout.o(.data)
    parameter                                0x2000005c   Data          28  main.o(.bss)
    OLED_GRAM                                0x20000078   Data         576  oled.o(.bss)
    rtc_initpara                             0x200002b8   Data          20  rtc.o(.bss)
    rtc_alarm                                0x200002cc   Data          16  rtc.o(.bss)
    rx_buf                                   0x200002dc   Data         256  usart.o(.bss)
    rx_cmd                                   0x2000045c   Data         128  parsing.o(.bss)
    cmd_hex                                  0x200004dc   Data         128  parsing.o(.bss)
    receive_value                            0x2000055c   Data          48  parsing.o(.bss)
    response_value                           0x2000058c   Data          48  response.o(.bss)
    tx_cmd                                   0x200005bc   Data         128  response.o(.bss)
    cmd_ascii                                0x2000063c   Data         128  response.o(.bss)
    __initial_sp                             0x20000ac0   Data           0  startup_gd32f450_470.o(STACK)



==============================================================================

Memory Map of the image

  Image Entry point : 0x080001ad

  Load Region LR_IROM1 (Base: 0x08000000, Size: 0x00005f70, Max: 0x00020000, ABSOLUTE)

    Execution Region ER_IROM1 (Exec base: 0x08000000, Load base: 0x08000000, Size: 0x00005f14, Max: 0x00020000, ABSOLUTE)

    Exec Addr    Load Addr    Size         Type   Attr      Idx    E Section Name        Object

    0x08000000   0x08000000   0x000001ac   Data   RO         6661    RESET               startup_gd32f450_470.o
    0x080001ac   0x080001ac   0x00000000   Code   RO         6666  * .ARM.Collect$$$$00000000  mc_w.l(entry.o)
    0x080001ac   0x080001ac   0x00000004   Code   RO         6934    .ARM.Collect$$$$00000001  mc_w.l(entry2.o)
    0x080001b0   0x080001b0   0x00000004   Code   RO         6937    .ARM.Collect$$$$00000004  mc_w.l(entry5.o)
    0x080001b4   0x080001b4   0x00000000   Code   RO         6939    .ARM.Collect$$$$00000008  mc_w.l(entry7b.o)
    0x080001b4   0x080001b4   0x00000000   Code   RO         6941    .ARM.Collect$$$$0000000A  mc_w.l(entry8b.o)
    0x080001b4   0x080001b4   0x00000008   Code   RO         6942    .ARM.Collect$$$$0000000B  mc_w.l(entry9a.o)
    0x080001bc   0x080001bc   0x00000000   Code   RO         6944    .ARM.Collect$$$$0000000D  mc_w.l(entry10a.o)
    0x080001bc   0x080001bc   0x00000000   Code   RO         6946    .ARM.Collect$$$$0000000F  mc_w.l(entry11a.o)
    0x080001bc   0x080001bc   0x00000004   Code   RO         6935    .ARM.Collect$$$$00002712  mc_w.l(entry2.o)
    0x080001c0   0x080001c0   0x00000024   Code   RO         6662    .text               startup_gd32f450_470.o
    0x080001e4   0x080001e4   0x00000024   Code   RO         6669    .text               mc_w.l(memseta.o)
    0x08000208   0x08000208   0x00000026   Code   RO         6932    .text               mf_w.l(f2d.o)
    0x0800022e   0x0800022e   0x0000002c   Code   RO         6949    .text               mc_w.l(uidiv.o)
    0x0800025a   0x0800025a   0x00000062   Code   RO         6951    .text               mc_w.l(uldiv.o)
    0x080002bc   0x080002bc   0x00000000   Code   RO         6953    .text               mc_w.l(iusefp.o)
    0x080002bc   0x080002bc   0x0000014e   Code   RO         6954    .text               mf_w.l(dadd.o)
    0x0800040a   0x0800040a   0x000000e4   Code   RO         6956    .text               mf_w.l(dmul.o)
    0x080004ee   0x080004ee   0x000000de   Code   RO         6958    .text               mf_w.l(ddiv.o)
    0x080005cc   0x080005cc   0x00000030   Code   RO         6960    .text               mf_w.l(dfixul.o)
    0x080005fc   0x080005fc   0x00000030   Code   RO         6962    .text               mf_w.l(cdrcmple.o)
    0x0800062c   0x0800062c   0x00000024   Code   RO         6964    .text               mc_w.l(init.o)
    0x08000650   0x08000650   0x0000001e   Code   RO         6966    .text               mc_w.l(llshl.o)
    0x0800066e   0x0800066e   0x00000020   Code   RO         6968    .text               mc_w.l(llushr.o)
    0x0800068e   0x0800068e   0x00000024   Code   RO         6970    .text               mc_w.l(llsshr.o)
    0x080006b2   0x080006b2   0x000000ba   Code   RO         6972    .text               mf_w.l(depilogue.o)
    0x0800076c   0x0800076c   0x00000030   Code   RO          379    i.ADC_Get_CH0_Voltage  function.o
    0x0800079c   0x0800079c   0x00000084   Code   RO          923    i.ADC_Init          adc.o
    0x08000820   0x08000820   0x00000034   Code   RO          383    i.ADC_Read_CH0      function.o
    0x08000854   0x08000854   0x00000034   Code   RO          384    i.ADC_Read_CH1      function.o
    0x08000888   0x08000888   0x00000028   Code   RO          385    i.ADC_Set_CH0_Ratio  function.o
    0x080008b0   0x080008b0   0x00000028   Code   RO          386    i.ADC_Set_CH1_Ratio  function.o
    0x080008d8   0x080008d8   0x00000030   Code   RO          928    i.ADC_port_init     adc.o
    0x08000908   0x08000908   0x00000066   Code   RO         1046    i.ASCIItoHex        parsing.o
    0x0800096e   0x0800096e   0x00000004   Code   RO          260    i.BusFault_Handler  gd32f4xx_it.o
    0x08000972   0x08000972   0x0000001a   Code   RO          387    i.Bytes_To_Float_BigEndian  function.o
    0x0800098c   0x0800098c   0x0000003a   Code   RO         1019    i.CRC16_transform   crc.o
    0x080009c6   0x080009c6   0x00000002   PAD
    0x080009c8   0x080009c8   0x00000060   Code   RO          983    i.DAC_Init          dac.o
    0x08000a28   0x08000a28   0x00000028   Code   RO          984    i.DAC_Set_Output    dac.o
    0x08000a50   0x08000a50   0x00000002   Code   RO          261    i.DebugMon_Handler  gd32f4xx_it.o
    0x08000a52   0x08000a52   0x0000001a   Code   RO          388    i.Float_To_Bytes_BigEndian  function.o
    0x08000a6c   0x08000a6c   0x000001b8   Code   RO         1047    i.Frame_analysis    parsing.o
    0x08000c24   0x08000c24   0x000000fc   Code   RO         1095    i.Frame_assembly    response.o
    0x08000d20   0x08000d20   0x00000004   Code   RO          262    i.HardFault_Handler  gd32f4xx_it.o
    0x08000d24   0x08000d24   0x00000058   Code   RO          536    i.I2C_Start         oled.o
    0x08000d7c   0x08000d7c   0x00000048   Code   RO          537    i.I2C_Stop          oled.o
    0x08000dc4   0x08000dc4   0x00000078   Code   RO          538    i.I2C_WaitAck       oled.o
    0x08000e3c   0x08000e3c   0x00000010   Code   RO          539    i.IIC_delay         oled.o
    0x08000e4c   0x08000e4c   0x00000050   Code   RO          831    i.LED_init          led.o
    0x08000e9c   0x08000e9c   0x00000030   Code   RO          832    i.LED_overturn      led.o
    0x08000ecc   0x08000ecc   0x00000004   Code   RO          263    i.MemManage_Handler  gd32f4xx_it.o
    0x08000ed0   0x08000ed0   0x00000002   Code   RO          264    i.NMI_Handler       gd32f4xx_it.o
    0x08000ed2   0x08000ed2   0x00000002   PAD
    0x08000ed4   0x08000ed4   0x00000028   Code   RO          217    i.NVIC_SetPriority  systick.o
    0x08000efc   0x08000efc   0x00000030   Code   RO          540    i.OLED_Clear        oled.o
    0x08000f2c   0x08000f2c   0x00000060   Code   RO          541    i.OLED_ClearPoint   oled.o
    0x08000f8c   0x08000f8c   0x0000003c   Code   RO          548    i.OLED_DrawPoint    oled.o
    0x08000fc8   0x08000fc8   0x00000148   Code   RO          549    i.OLED_Init         oled.o
    0x08001110   0x08001110   0x0000004c   Code   RO          551    i.OLED_Refresh      oled.o
    0x0800115c   0x0800115c   0x000000fc   Code   RO          553    i.OLED_ShowChar     oled.o
    0x08001258   0x08001258   0x00000042   Code   RO          557    i.OLED_ShowString   oled.o
    0x0800129a   0x0800129a   0x00000038   Code   RO          559    i.OLED_WR_Byte      oled.o
    0x080012d2   0x080012d2   0x00000002   Code   RO          265    i.PendSV_Handler    gd32f4xx_it.o
    0x080012d4   0x080012d4   0x00000084   Code   RO          730    i.RTC_Init          rtc.o
    0x08001358   0x08001358   0x00000178   Code   RO          731    i.RTC_to_UTC        rtc.o
    0x080014d0   0x080014d0   0x00000060   Code   RO            3    i.Read_Parameter    main.o
    0x08001530   0x08001530   0x00000002   Code   RO          266    i.SDIO_IRQHandler   gd32f4xx_it.o
    0x08001532   0x08001532   0x00000002   Code   RO          267    i.SVC_Handler       gd32f4xx_it.o
    0x08001534   0x08001534   0x000000c0   Code   RO            4    i.Save_Parameter    main.o
    0x080015f4   0x080015f4   0x0000005c   Code   RO          560    i.Send_Byte         oled.o
    0x08001650   0x08001650   0x0000002c   Code   RO          268    i.SysTick_Handler   gd32f4xx_it.o
    0x0800167c   0x0800167c   0x00000188   Code   RO         6609    i.SystemInit        system_gd32f4xx.o
    0x08001804   0x08001804   0x000000a0   Code   RO          862    i.USART0_Config     usart.o
    0x080018a4   0x080018a4   0x00000048   Code   RO          269    i.USART0_IRQHandler  gd32f4xx_it.o
    0x080018ec   0x080018ec   0x000001b0   Code   RO          732    i.UTC_to_RTC        rtc.o
    0x08001a9c   0x08001a9c   0x00000004   Code   RO          270    i.UsageFault_Handler  gd32f4xx_it.o
    0x08001aa0   0x08001aa0   0x00000020   Code   RO         6904    i.__0printf         mc_w.l(printfa.o)
    0x08001ac0   0x08001ac0   0x0000000e   Code   RO         6976    i.__scatterload_copy  mc_w.l(handlers.o)
    0x08001ace   0x08001ace   0x00000002   Code   RO         6977    i.__scatterload_null  mc_w.l(handlers.o)
    0x08001ad0   0x08001ad0   0x0000000e   Code   RO         6978    i.__scatterload_zeroinit  mc_w.l(handlers.o)
    0x08001ade   0x08001ade   0x00000002   PAD
    0x08001ae0   0x08001ae0   0x00000184   Code   RO         6911    i._fp_digits        mc_w.l(printfa.o)
    0x08001c64   0x08001c64   0x000006dc   Code   RO         6912    i._printf_core      mc_w.l(printfa.o)
    0x08002340   0x08002340   0x00000024   Code   RO         6913    i._printf_post_padding  mc_w.l(printfa.o)
    0x08002364   0x08002364   0x0000002e   Code   RO         6914    i._printf_pre_padding  mc_w.l(printfa.o)
    0x08002392   0x08002392   0x0000001c   Code   RO         6610    i._soft_delay_      system_gd32f4xx.o
    0x080023ae   0x080023ae   0x0000002a   Code   RO         1136    i.adc_calibration_enable  gd32f4xx_adc.o
    0x080023d8   0x080023d8   0x00000052   Code   RO         1138    i.adc_channel_length_config  gd32f4xx_adc.o
    0x0800242a   0x0800242a   0x00000002   PAD
    0x0800242c   0x0800242c   0x00000024   Code   RO         1139    i.adc_clock_config  gd32f4xx_adc.o
    0x08002450   0x08002450   0x00000016   Code   RO         1140    i.adc_data_alignment_config  gd32f4xx_adc.o
    0x08002466   0x08002466   0x00000014   Code   RO         1141    i.adc_deinit        gd32f4xx_adc.o
    0x0800247a   0x0800247a   0x00000012   Code   RO         1148    i.adc_enable        gd32f4xx_adc.o
    0x0800248c   0x0800248c   0x00000034   Code   RO         1150    i.adc_external_trigger_config  gd32f4xx_adc.o
    0x080024c0   0x080024c0   0x0000000e   Code   RO         1153    i.adc_flag_get      gd32f4xx_adc.o
    0x080024ce   0x080024ce   0x000000ac   Code   RO         1166    i.adc_routine_channel_config  gd32f4xx_adc.o
    0x0800257a   0x0800257a   0x00000008   Code   RO         1167    i.adc_routine_data_read  gd32f4xx_adc.o
    0x08002582   0x08002582   0x00000024   Code   RO         1169    i.adc_software_trigger_enable  gd32f4xx_adc.o
    0x080025a6   0x080025a6   0x0000005a   Code   RO         1170    i.adc_special_function_config  gd32f4xx_adc.o
    0x08002600   0x08002600   0x00000040   Code   RO         1798    i.dac_data_set      gd32f4xx_dac.o
    0x08002640   0x08002640   0x00000028   Code   RO         1799    i.dac_deinit        gd32f4xx_dac.o
    0x08002668   0x08002668   0x0000001a   Code   RO         1803    i.dac_enable        gd32f4xx_dac.o
    0x08002682   0x08002682   0x0000001a   Code   RO         1811    i.dac_output_buffer_disable  gd32f4xx_dac.o
    0x0800269c   0x0800269c   0x0000001a   Code   RO         1816    i.dac_trigger_disable  gd32f4xx_dac.o
    0x080026b6   0x080026b6   0x00000028   Code   RO         1819    i.dac_wave_mode_config  gd32f4xx_dac.o
    0x080026de   0x080026de   0x00000002   PAD
    0x080026e0   0x080026e0   0x00000034   Code   RO         1049    i.deinit_GFF        parsing.o
    0x08002714   0x08002714   0x00000014   Code   RO          218    i.delay_1ms         systick.o
    0x08002728   0x08002728   0x00000018   Code   RO          219    i.delay_decrement   systick.o
    0x08002740   0x08002740   0x00000700   Code   RO          389    i.execute_Command_word  function.o
    0x08002e40   0x08002e40   0x00000050   Code   RO         3287    i.fmc_byte_program  gd32f4xx_fmc.o
    0x08002e90   0x08002e90   0x00000054   Code   RO         3290    i.fmc_halfword_program  gd32f4xx_fmc.o
    0x08002ee4   0x08002ee4   0x00000014   Code   RO         3295    i.fmc_lock          gd32f4xx_fmc.o
    0x08002ef8   0x08002ef8   0x0000007c   Code   RO         3297    i.fmc_page_erase    gd32f4xx_fmc.o
    0x08002f74   0x08002f74   0x00000020   Code   RO         3298    i.fmc_ready_wait    gd32f4xx_fmc.o
    0x08002f94   0x08002f94   0x0000004c   Code   RO         3300    i.fmc_state_get     gd32f4xx_fmc.o
    0x08002fe0   0x08002fe0   0x00000024   Code   RO         3301    i.fmc_unlock        gd32f4xx_fmc.o
    0x08003004   0x08003004   0x00000054   Code   RO         3302    i.fmc_word_program  gd32f4xx_fmc.o
    0x08003058   0x08003058   0x00000024   Code   RO          865    i.fputc             usart.o
    0x0800307c   0x0800307c   0x0000005e   Code   RO         3595    i.gpio_af_set       gd32f4xx_gpio.o
    0x080030da   0x080030da   0x00000004   Code   RO         3596    i.gpio_bit_reset    gd32f4xx_gpio.o
    0x080030de   0x080030de   0x00000004   Code   RO         3597    i.gpio_bit_set      gd32f4xx_gpio.o
    0x080030e2   0x080030e2   0x00000012   Code   RO         3601    i.gpio_input_bit_get  gd32f4xx_gpio.o
    0x080030f4   0x080030f4   0x0000004e   Code   RO         3603    i.gpio_mode_set     gd32f4xx_gpio.o
    0x08003142   0x08003142   0x00000042   Code   RO         3605    i.gpio_output_options_set  gd32f4xx_gpio.o
    0x08003184   0x08003184   0x00000020   Code   RO          562    i.isOLED            oled.o
    0x080031a4   0x080031a4   0x00000168   Code   RO            5    i.main              main.o
    0x0800330c   0x0800330c   0x0000000c   Code   RO            6    i.nvic_config       main.o
    0x08003318   0x08003318   0x00000108   Code   RO         4168    i.nvic_irq_enable   gd32f4xx_misc.o
    0x08003420   0x08003420   0x00000014   Code   RO         4169    i.nvic_priority_group_set  gd32f4xx_misc.o
    0x08003434   0x08003434   0x00000018   Code   RO         4170    i.nvic_vector_table_set  gd32f4xx_misc.o
    0x0800344c   0x0800344c   0x00000014   Code   RO         4229    i.pmu_backup_write_enable  gd32f4xx_pmu.o
    0x08003460   0x08003460   0x00000014   Code   RO         4369    i.rcu_all_reset_flag_clear  gd32f4xx_rcu.o
    0x08003474   0x08003474   0x00000124   Code   RO         4377    i.rcu_clock_freq_get  gd32f4xx_rcu.o
    0x08003598   0x08003598   0x00000028   Code   RO         4380    i.rcu_flag_get      gd32f4xx_rcu.o
    0x080035c0   0x080035c0   0x00000024   Code   RO         4393    i.rcu_osci_on       gd32f4xx_rcu.o
    0x080035e4   0x080035e4   0x0000015c   Code   RO         4394    i.rcu_osci_stab_wait  gd32f4xx_rcu.o
    0x08003740   0x08003740   0x00000024   Code   RO         4396    i.rcu_periph_clock_enable  gd32f4xx_rcu.o
    0x08003764   0x08003764   0x00000024   Code   RO         4399    i.rcu_periph_reset_disable  gd32f4xx_rcu.o
    0x08003788   0x08003788   0x00000024   Code   RO         4400    i.rcu_periph_reset_enable  gd32f4xx_rcu.o
    0x080037ac   0x080037ac   0x00000018   Code   RO         4405    i.rcu_rtc_clock_config  gd32f4xx_rcu.o
    0x080037c4   0x080037c4   0x00000064   Code   RO         4677    i.rtc_current_time_get  gd32f4xx_rtc.o
    0x08003828   0x08003828   0x000000c4   Code   RO         4682    i.rtc_init          gd32f4xx_rtc.o
    0x080038ec   0x080038ec   0x00000048   Code   RO         4683    i.rtc_init_mode_enter  gd32f4xx_rtc.o
    0x08003934   0x08003934   0x00000014   Code   RO         4684    i.rtc_init_mode_exit  gd32f4xx_rtc.o
    0x08003948   0x08003948   0x00000040   Code   RO          733    i.rtc_pre_config    rtc.o
    0x08003988   0x08003988   0x00000060   Code   RO         4689    i.rtc_register_sync_wait  gd32f4xx_rtc.o
    0x080039e8   0x080039e8   0x000000c4   Code   RO          734    i.rtc_setup         rtc.o
    0x08003aac   0x08003aac   0x00000060   Code   RO          737    i.rtc_show_time     rtc.o
    0x08003b0c   0x08003b0c   0x00000110   Code   RO         6612    i.system_clock_240m_25m_hxtal  system_gd32f4xx.o
    0x08003c1c   0x08003c1c   0x00000008   Code   RO         6613    i.system_clock_config  system_gd32f4xx.o
    0x08003c24   0x08003c24   0x00000050   Code   RO          220    i.systick_config    systick.o
    0x08003c74   0x08003c74   0x000000e8   Code   RO         6209    i.usart_baudrate_set  gd32f4xx_usart.o
    0x08003d5c   0x08003d5c   0x0000000a   Code   RO         6213    i.usart_data_receive  gd32f4xx_usart.o
    0x08003d66   0x08003d66   0x00000008   Code   RO         6214    i.usart_data_transmit  gd32f4xx_usart.o
    0x08003d6e   0x08003d6e   0x00000002   PAD
    0x08003d70   0x08003d70   0x000000dc   Code   RO         6215    i.usart_deinit      gd32f4xx_usart.o
    0x08003e4c   0x08003e4c   0x0000000a   Code   RO         6219    i.usart_enable      gd32f4xx_usart.o
    0x08003e56   0x08003e56   0x00000020   Code   RO         6221    i.usart_flag_get    gd32f4xx_usart.o
    0x08003e76   0x08003e76   0x0000001a   Code   RO         6229    i.usart_interrupt_enable  gd32f4xx_usart.o
    0x08003e90   0x08003e90   0x0000001a   Code   RO         6230    i.usart_interrupt_flag_clear  gd32f4xx_usart.o
    0x08003eaa   0x08003eaa   0x0000003a   Code   RO         6231    i.usart_interrupt_flag_get  gd32f4xx_usart.o
    0x08003ee4   0x08003ee4   0x00000010   Code   RO         6246    i.usart_receive_config  gd32f4xx_usart.o
    0x08003ef4   0x08003ef4   0x00000010   Code   RO         6261    i.usart_transmit_config  gd32f4xx_usart.o
    0x08003f04   0x08003f04   0x00001fd8   Data   RO          565    .constdata          oled.o
    0x08005edc   0x08005edc   0x00000018   Data   RO          740    .constdata          rtc.o
    0x08005ef4   0x08005ef4   0x00000020   Data   RO         6974    Region$$Table       anon$$obj.o


    Execution Region RW_IRAM1 (Exec base: 0x20000000, Load base: 0x08005f14, Size: 0x00000ac0, Max: 0x00030000, ABSOLUTE)

    Exec Addr    Load Addr    Size         Type   Attr      Idx    E Section Name        Object

    0x20000000   0x08005f14   0x00000014   Data   RW            8    .data               main.o
    0x20000014   0x08005f28   0x00000004   Data   RW          221    .data               systick.o
    0x20000018   0x08005f2c   0x00000004   Data   RW          271    .data               gd32f4xx_it.o
    0x2000001c   0x08005f30   0x00000010   Data   RW          390    .data               function.o
    0x2000002c   0x08005f40   0x0000000e   Data   RW          741    .data               rtc.o
    0x2000003a   0x08005f4e   0x00000002   PAD
    0x2000003c   0x08005f50   0x00000004   Data   RW          833    .data               led.o
    0x20000040   0x08005f54   0x0000000a   Data   RW          869    .data               usart.o
    0x2000004a   0x08005f5e   0x00000005   Data   RW         1051    .data               parsing.o
    0x2000004f   0x08005f63   0x00000002   Data   RW         1098    .data               response.o
    0x20000051   0x08005f65   0x00000003   PAD
    0x20000054   0x08005f68   0x00000004   Data   RW         6614    .data               system_gd32f4xx.o
    0x20000058   0x08005f6c   0x00000004   Data   RW         6948    .data               mc_w.l(stdout.o)
    0x2000005c        -       0x0000001c   Zero   RW            7    .bss                main.o
    0x20000078        -       0x00000240   Zero   RW          564    .bss                oled.o
    0x200002b8        -       0x00000024   Zero   RW          739    .bss                rtc.o
    0x200002dc        -       0x00000180   Zero   RW          868    .bss                usart.o
    0x2000045c        -       0x00000130   Zero   RW         1050    .bss                parsing.o
    0x2000058c        -       0x00000130   Zero   RW         1097    .bss                response.o
    0x200006bc   0x08005f70   0x00000004   PAD
    0x200006c0        -       0x00000400   Zero   RW         6659    STACK               startup_gd32f450_470.o


==============================================================================

Image component sizes


      Code (inc. data)   RO Data    RW Data    ZI Data      Debug   Object Name

       180         12          0          0          0        975   adc.o
        58          0          0          0          0       1122   crc.o
       136         16          0          0          0       1012   dac.o
      2076        198          0         16          0       7047   function.o
       592          8          0          0          0       8044   gd32f4xx_adc.o
       222          6          0          0          0       3930   gd32f4xx_dac.o
       536         46          0          0          0       5299   gd32f4xx_fmc.o
       264          0          0          0          0       4377   gd32f4xx_gpio.o
       142         22          0          4          0       5196   gd32f4xx_it.o
       308         28          0          0          0      28919   gd32f4xx_misc.o
        20          6          0          0          0        550   gd32f4xx_pmu.o
       868         66          0          0          0       7056   gd32f4xx_rcu.o
       484         26          0          0          0       4274   gd32f4xx_rtc.o
       654         18          0          0          0       7579   gd32f4xx_usart.o
       128         12          0          4          0        970   led.o
       660         92          0         20         28      92033   main.o
      1402         70       8152          0        576       9754   oled.o
       594         38          0          5        304       3490   parsing.o
       252         20          0          2        304       2166   response.o
      1296        244         24         14         36       4661   rtc.o
        36          8        428          0       1024        828   startup_gd32f450_470.o
       700         32          0          4          0       3955   system_gd32f4xx.o
       164         24          0          4          0      29002   systick.o
       196         18          0         10        384       3530   usart.o

    ----------------------------------------------------------------------
     11978       1010       8636         88       2660     235769   Object Totals
         0          0         32          0          0          0   (incl. Generated)
        10          0          0          5          4          0   (incl. Padding)

    ----------------------------------------------------------------------

      Code (inc. data)   RO Data    RW Data    ZI Data      Debug   Library Member Name

         0          0          0          0          0          0   entry.o
         0          0          0          0          0          0   entry10a.o
         0          0          0          0          0          0   entry11a.o
         8          4          0          0          0          0   entry2.o
         4          0          0          0          0          0   entry5.o
         0          0          0          0          0          0   entry7b.o
         0          0          0          0          0          0   entry8b.o
         8          4          0          0          0          0   entry9a.o
        30          0          0          0          0          0   handlers.o
        36          8          0          0          0         68   init.o
         0          0          0          0          0          0   iusefp.o
        30          0          0          0          0         68   llshl.o
        36          0          0          0          0         68   llsshr.o
        32          0          0          0          0         68   llushr.o
        36          0          0          0          0        108   memseta.o
      2258         90          0          0          0        452   printfa.o
         0          0          0          4          0          0   stdout.o
        44          0          0          0          0         80   uidiv.o
        98          0          0          0          0         92   uldiv.o
        48          0          0          0          0         68   cdrcmple.o
       334          0          0          0          0        148   dadd.o
       222          0          0          0          0        100   ddiv.o
       186          0          0          0          0        176   depilogue.o
        48          0          0          0          0         68   dfixul.o
       228          0          0          0          0         96   dmul.o
        38          0          0          0          0         68   f2d.o

    ----------------------------------------------------------------------
      3726        106          0          4          0       1728   Library Totals
         2          0          0          0          0          0   (incl. Padding)

    ----------------------------------------------------------------------

      Code (inc. data)   RO Data    RW Data    ZI Data      Debug   Library Name

      2620        106          0          4          0       1004   mc_w.l
      1104          0          0          0          0        724   mf_w.l

    ----------------------------------------------------------------------
      3726        106          0          4          0       1728   Library Totals

    ----------------------------------------------------------------------

==============================================================================


      Code (inc. data)   RO Data    RW Data    ZI Data      Debug   

     15704       1116       8636         92       2660     225169   Grand Totals
     15704       1116       8636         92       2660     225169   ELF Image Totals
     15704       1116       8636         92          0          0   ROM Totals

==============================================================================

    Total RO  Size (Code + RO Data)                24340 (  23.77kB)
    Total RW  Size (RW Data + ZI Data)              2752 (   2.69kB)
    Total ROM Size (Code + RO Data + RW Data)      24432 (  23.86kB)

==============================================================================

